Component: ARM Compiler 5.06 update 4 (build 422) Tool: armlink [4d35d2]

==============================================================================

Section Cross References

    main.o(i.advertising_init) refers to memseta.o(.text) for __aeabi_memclr4
    main.o(i.advertising_init) refers to ble_advdata.o(i.ble_advdata_encode) for ble_advdata_encode
    main.o(i.advertising_init) refers to app_error.o(i.app_error_handler_bare) for app_error_handler_bare
    main.o(i.advertising_init) refers to main.o(.constdata) for .constdata
    main.o(i.advertising_init) refers to main.o(.bss) for .bss
    main.o(i.advertising_init) refers to main.o(.data) for .data
    main.o(i.advertising_start) refers to app_error.o(i.app_error_handler_bare) for app_error_handler_bare
    main.o(i.advertising_start) refers to boards.o(i.bsp_board_led_on) for bsp_board_led_on
    main.o(i.advertising_start) refers to main.o(.data) for .data
    main.o(i.assert_nrf_callback) refers to app_error_handler_keil.o(.emb_text) for app_error_handler
    main.o(i.ble_evt_handler) refers to nrf_log_frontend.o(i.nrf_log_frontend_std_0) for nrf_log_frontend_std_0
    main.o(i.ble_evt_handler) refers to boards.o(i.bsp_board_led_on) for bsp_board_led_on
    main.o(i.ble_evt_handler) refers to boards.o(i.bsp_board_led_off) for bsp_board_led_off
    main.o(i.ble_evt_handler) refers to nrf_ble_qwr.o(i.nrf_ble_qwr_conn_handle_assign) for nrf_ble_qwr_conn_handle_assign
    main.o(i.ble_evt_handler) refers to app_error.o(i.app_error_handler_bare) for app_error_handler_bare
    main.o(i.ble_evt_handler) refers to app_button.o(i.app_button_enable) for app_button_enable
    main.o(i.ble_evt_handler) refers to app_button.o(i.app_button_disable) for app_button_disable
    main.o(i.ble_evt_handler) refers to main.o(i.advertising_start) for advertising_start
    main.o(i.ble_evt_handler) refers to main.o(.data) for .data
    main.o(i.ble_evt_handler) refers to nrf_log_frontend.o(log_const_data) for m_nrf_log_app_logs_data_const
    main.o(i.ble_evt_handler) refers to main.o(.bss) for .bss
    main.o(i.button_event_handler) refers to nrf_log_frontend.o(i.nrf_log_frontend_std_0) for nrf_log_frontend_std_0
    main.o(i.button_event_handler) refers to ble_lbs.o(i.ble_lbs_on_button_change) for ble_lbs_on_button_change
    main.o(i.button_event_handler) refers to app_error.o(i.app_error_handler_bare) for app_error_handler_bare
    main.o(i.button_event_handler) refers to nrf_log_frontend.o(log_const_data) for m_nrf_log_app_logs_data_const
    main.o(i.button_event_handler) refers to main.o(.bss) for .bss
    main.o(i.button_event_handler) refers to main.o(.data) for .data
    main.o(i.conn_params_error_handler) refers to app_error.o(i.app_error_handler_bare) for app_error_handler_bare
    main.o(i.led_write_handler) refers to boards.o(i.bsp_board_led_on) for bsp_board_led_on
    main.o(i.led_write_handler) refers to boards.o(i.bsp_board_led_off) for bsp_board_led_off
    main.o(i.led_write_handler) refers to nrf_log_frontend.o(i.nrf_log_frontend_std_0) for nrf_log_frontend_std_0
    main.o(i.led_write_handler) refers to nrf_log_frontend.o(log_const_data) for m_nrf_log_app_logs_data_const
    main.o(i.main) refers to nrf_log_frontend.o(i.nrf_log_init) for nrf_log_init
    main.o(i.main) refers to app_error.o(i.app_error_handler_bare) for app_error_handler_bare
    main.o(i.main) refers to nrf_log_default_backends.o(i.nrf_log_default_backends_init) for nrf_log_default_backends_init
    main.o(i.main) refers to boards.o(i.bsp_board_init) for bsp_board_init
    main.o(i.main) refers to app_timer.o(i.app_timer_init) for app_timer_init
    main.o(i.main) refers to app_button.o(i.app_button_init) for app_button_init
    main.o(i.main) refers to nrf_pwr_mgmt.o(i.nrf_pwr_mgmt_init) for nrf_pwr_mgmt_init
    main.o(i.main) refers to nrf_sdh.o(i.nrf_sdh_enable_request) for nrf_sdh_enable_request
    main.o(i.main) refers to nrf_sdh_ble.o(i.nrf_sdh_ble_default_cfg_set) for nrf_sdh_ble_default_cfg_set
    main.o(i.main) refers to nrf_sdh_ble.o(i.nrf_sdh_ble_enable) for nrf_sdh_ble_enable
    main.o(i.main) refers to nrf_ble_gatt.o(i.nrf_ble_gatt_init) for nrf_ble_gatt_init
    main.o(i.main) refers to nrf_ble_qwr.o(i.nrf_ble_qwr_init) for nrf_ble_qwr_init
    main.o(i.main) refers to ble_lbs.o(i.ble_lbs_init) for ble_lbs_init
    main.o(i.main) refers to main.o(i.advertising_init) for advertising_init
    main.o(i.main) refers to memseta.o(.text) for __aeabi_memclr4
    main.o(i.main) refers to ble_conn_params.o(i.ble_conn_params_init) for ble_conn_params_init
    main.o(i.main) refers to nrf_log_frontend.o(i.nrf_log_frontend_std_0) for nrf_log_frontend_std_0
    main.o(i.main) refers to main.o(i.advertising_start) for advertising_start
    main.o(i.main) refers to nrf_log_frontend.o(i.nrf_log_frontend_dequeue) for nrf_log_frontend_dequeue
    main.o(i.main) refers to nrf_pwr_mgmt.o(i.nrf_pwr_mgmt_run) for nrf_pwr_mgmt_run
    main.o(i.main) refers to main.o(.data) for .data
[...]
    tx_byte                                  0x0002a6e1   Thumb Code    32  nrfx_uart.o(i.tx_byte)
    i.tx_done_event                          0x0002a700   Section        0  nrfx_uart.o(i.tx_done_event)
    tx_done_event                            0x0002a701   Thumb Code    26  nrfx_uart.o(i.tx_done_event)
    i.uart_evt_handler                       0x0002a71c   Section        0  nrf_drv_uart.o(i.uart_evt_handler)
    uart_evt_handler                         0x0002a71d   Thumb Code    42  nrf_drv_uart.o(i.uart_evt_handler)
    i.uart_evt_handler                       0x0002a74c   Section        0  nrf_log_backend_uart.o(i.uart_evt_handler)
    uart_evt_handler                         0x0002a74d   Thumb Code     8  nrf_log_backend_uart.o(i.uart_evt_handler)
    i.uart_init                              0x0002a758   Section        0  nrf_log_backend_uart.o(i.uart_init)
    uart_init                                0x0002a759   Thumb Code    66  nrf_log_backend_uart.o(i.uart_init)
    i.uart_irq_handler                       0x0002a7a8   Section        0  nrfx_uart.o(i.uart_irq_handler)
    uart_irq_handler                         0x0002a7a9   Thumb Code   296  nrfx_uart.o(i.uart_irq_handler)
    i.uarte_evt_handler                      0x0002a8d0   Section        0  nrf_drv_uart.o(i.uarte_evt_handler)
    uarte_evt_handler                        0x0002a8d1   Thumb Code    42  nrf_drv_uart.o(i.uarte_evt_handler)
    i.uarte_irq_handler                      0x0002a900   Section        0  nrfx_uarte.o(i.uarte_irq_handler)
    uarte_irq_handler                        0x0002a901   Thumb Code   244  nrfx_uarte.o(i.uarte_irq_handler)
    i.uint16_encode                          0x0002a9f4   Section        0  ble_advdata.o(i.uint16_encode)
    uint16_encode                            0x0002a9f5   Thumb Code    10  ble_advdata.o(i.uint16_encode)
    i.unsigned_print                         0x0002aa00   Section        0  nrf_fprintf_format.o(i.unsigned_print)
    unsigned_print                           0x0002aa01   Thumb Code   176  nrf_fprintf_format.o(i.unsigned_print)
    i.update_timeout_handler                 0x0002aab4   Section        0  ble_conn_params.o(i.update_timeout_handler)
    update_timeout_handler                   0x0002aab5   Thumb Code    98  ble_conn_params.o(i.update_timeout_handler)
    i.user_mem_reply                         0x0002ab1c   Section        0  nrf_ble_qwr.o(i.user_mem_reply)
    user_mem_reply                           0x0002ab1d   Thumb Code    36  nrf_ble_qwr.o(i.user_mem_reply)
    i.user_op_alloc                          0x0002ab40   Section        0  app_timer.o(i.user_op_alloc)
    user_op_alloc                            0x0002ab41   Thumb Code    42  app_timer.o(i.user_op_alloc)
    i.uuid_list_encode                       0x0002ab70   Section        0  ble_advdata.o(i.uuid_list_encode)
    uuid_list_encode                         0x0002ab71   Thumb Code    48  ble_advdata.o(i.uuid_list_encode)
    i.uuid_list_sized_encode                 0x0002aba0   Section        0  ble_advdata.o(i.uuid_list_sized_encode)
    uuid_list_sized_encode                   0x0002aba1   Thumb Code   158  ble_advdata.o(i.uuid_list_sized_encode)
    .constdata                               0x0002ac40   Section        4  main.o(.constdata)
    .constdata                               0x0002ac44   Section        8  boards.o(.constdata)
    m_board_led_list                         0x0002ac44   Data           4  boards.o(.constdata)
    m_board_btn_list                         0x0002ac48   Data           4  boards.o(.constdata)
    .constdata                               0x0002ac4c   Section       22  nrf_ble_gatt.o(.constdata)
    .constdata                               0x0002ac64   Section       16  ble_lbs.o(.constdata)
    .constdata                               0x0002ac74   Section        4  nrfx_gpiote.o(.constdata)
    .constdata                               0x0002ac78   Section        4  nrfx_uart.o(.constdata)
    irq_handlers                             0x0002ac78   Data           4  nrfx_uart.o(.constdata)
    .constdata                               0x0002ac7c   Section        4  nrfx_uarte.o(.constdata)
    irq_handlers                             0x0002ac7c   Data           4  nrfx_uarte.o(.constdata)
    .constdata                               0x0002ac80   Section        8  app_button.o(.constdata)
    m_detection_delay_timer_id               0x0002ac84   Data           4  app_button.o(.constdata)
    .constdata                               0x0002ac90   Section        6  app_timer.o(.constdata)
    delay_bytecode                           0x0002ac90   Data           6  app_timer.o(.constdata)
    .constdata                               0x0002ac96   Section       16  nrf_fprintf_format.o(.constdata)
    _aV2C                                    0x0002ac96   Data          16  nrf_fprintf_format.o(.constdata)
    .constdata                               0x0002aca8   Section       24  nrf_pwr_mgmt.o(.constdata)
    pwr_mgmt_data_array                      0x0002aca8   Data          24  nrf_pwr_mgmt.o(.constdata)
    .constdata                               0x0002acc0   Section       12  nrf_pwr_mgmt.o(.constdata)
    pwr_mgmt_data                            0x0002acc0   Data          12  nrf_pwr_mgmt.o(.constdata)
    .constdata                               0x0002accc   Section      316  nrf_strerror.o(.constdata)
    m_unknown_str                            0x0002accc   Data          19  nrf_strerror.o(.constdata)
    nrf_strerror_array                       0x0002ace0   Data         296  nrf_strerror.o(.constdata)
    .constdata                               0x0002ae08   Section       12  nrf_log_backend_uart.o(.constdata)
    .constdata                               0x0002ae14   Section       32  nrf_log_backend_uart.o(.constdata)
    .constdata                               0x0002ae34   Section       12  nrf_log_frontend.o(.constdata)
    m_log_push_ringbuf                       0x0002ae34   Data          12  nrf_log_frontend.o(.constdata)
    .constdata                               0x0002ae40   Section       16  nrf_sdh.o(.constdata)
    sdh_req_observers_array                  0x0002ae40   Data          16  nrf_sdh.o(.constdata)
    .constdata                               0x0002ae50   Section       40  nrf_sdh.o(.constdata)
    sdh_req_observers                        0x0002ae54   Data          12  nrf_sdh.o(.constdata)
    sdh_state_observers                      0x0002ae60   Data          12  nrf_sdh.o(.constdata)
    sdh_stack_observers                      0x0002ae6c   Data          12  nrf_sdh.o(.constdata)
    .constdata                               0x0002ae78   Section       16  nrf_sdh.o(.constdata)
    sdh_state_observers_array                0x0002ae78   Data          16  nrf_sdh.o(.constdata)
    .constdata                               0x0002ae88   Section       16  nrf_sdh.o(.constdata)
    sdh_stack_observers_array                0x0002ae88   Data          16  nrf_sdh.o(.constdata)
    .constdata                               0x0002ae98   Section       32  nrf_sdh_ble.o(.constdata)
    sdh_ble_observers_array                  0x0002ae98   Data          32  nrf_sdh_ble.o(.constdata)
    .constdata                               0x0002aeb8   Section       16  nrf_sdh_ble.o(.constdata)
    sdh_ble_observers                        0x0002aebc   Data          12  nrf_sdh_ble.o(.constdata)
    .constdata                               0x0002aec8   Section       16  nrf_sdh_soc.o(.constdata)
    sdh_soc_observers_array                  0x0002aec8   Data          16  nrf_sdh_soc.o(.constdata)
    .constdata                               0x0002aed8   Section       12  nrf_sdh_soc.o(.constdata)
    sdh_soc_observers                        0x0002aed8   Data          12  nrf_sdh_soc.o(.constdata)
    .constdata                               0x0002aee4   Section      129  ctype_o.o(.constdata)
    .constdata                               0x0002af68   Section        4  ctype_o.o(.constdata)
    table                                    0x0002af68   Data           4  ctype_o.o(.constdata)
    .conststring                             0x0002af6c   Section      162  nrf_ble_gatt.o(.conststring)
    .conststring                             0x0002b010   Section     1003  nrf_strerror.o(.conststring)
    .conststring                             0x0002b3fc   Section      102  nrf_log_str_formatter.o(.conststring)
    .conststring                             0x0002b464   Section      392  nrf_sdh_ble.o(.conststring)
    .conststrlit                             0x0002b5ec   Section       13  nrf_ble_gatt.o(.conststrlit)
    .conststrlit                             0x0002b5fc   Section        6  nrf_drv_clock.o(.conststrlit)
    .conststrlit                             0x0002b604   Section        6  nrfx_clock.o(.conststrlit)
    .conststrlit                             0x0002b60c   Section        7  nrfx_gpiote.o(.conststrlit)
    .conststrlit                             0x0002b614   Section        4  nrfx_prs.o(.conststrlit)
    .conststrlit                             0x0002b618   Section        5  nrfx_uart.o(.conststrlit)
    .conststrlit                             0x0002b620   Section        6  nrfx_uarte.o(.conststrlit)
    .conststrlit                             0x0002b628   Section        9  nrf_pwr_mgmt.o(.conststrlit)
    .conststrlit                             0x0002b634   Section       17  nrf_log_default_backends.o(.conststrlit)
    .conststrlit                             0x0002b648   Section        4  nrf_log_frontend.o(.conststrlit)
    .conststrlit                             0x0002b64c   Section        8  nrf_sdh.o(.conststrlit)
    .conststrlit                             0x0002b654   Section       12  nrf_sdh_ble.o(.conststrlit)
    .conststrlit                             0x0002b660   Section       12  nrf_sdh_soc.o(.conststrlit)
    log_backends                             0x0002b68c   Section       16  nrf_log_default_backends.o(log_backends)
    __tagsym$$used                           0x0002b68c   Number         0  nrf_log_default_backends.o(log_backends)
    uart_log_backend                         0x0002b68c   Data          16  nrf_log_default_backends.o(log_backends)
    log_const_data                           0x0002b69c   Section        8  nrf_ble_gatt.o(log_const_data)
    __tagsym$$used                           0x0002b69c   Number         0  nrf_ble_gatt.o(log_const_data)
    log_const_data                           0x0002b6a4   Section        8  nrf_drv_clock.o(log_const_data)
    __tagsym$$used                           0x0002b6a4   Number         0  nrf_drv_clock.o(log_const_data)
    log_const_data                           0x0002b6ac   Section        8  nrfx_clock.o(log_const_data)
    __tagsym$$used                           0x0002b6ac   Number         0  nrfx_clock.o(log_const_data)
    log_const_data                           0x0002b6b4   Section        8  nrfx_gpiote.o(log_const_data)
    __tagsym$$used                           0x0002b6b4   Number         0  nrfx_gpiote.o(log_const_data)
    log_const_data                           0x0002b6bc   Section        8  nrfx_prs.o(log_const_data)
    __tagsym$$used                           0x0002b6bc   Number         0  nrfx_prs.o(log_const_data)
    log_const_data                           0x0002b6c4   Section        8  nrfx_uart.o(log_const_data)
    __tagsym$$used                           0x0002b6c4   Number         0  nrfx_uart.o(log_const_data)
    log_const_data                           0x0002b6cc   Section        8  nrfx_uarte.o(log_const_data)
    __tagsym$$used                           0x0002b6cc   Number         0  nrfx_uarte.o(log_const_data)
    log_const_data                           0x0002b6d4   Section        8  nrf_pwr_mgmt.o(log_const_data)
    __tagsym$$used                           0x0002b6d4   Number         0  nrf_pwr_mgmt.o(log_const_data)
    log_const_data                           0x0002b6dc   Section        8  nrf_log_frontend.o(log_const_data)
    __tagsym$$used                           0x0002b6dc   Number         0  nrf_log_frontend.o(log_const_data)
    log_const_data                           0x0002b6e4   Section        8  nrf_sdh.o(log_const_data)
    __tagsym$$used                           0x0002b6e4   Number         0  nrf_sdh.o(log_const_data)
    log_const_data                           0x0002b6ec   Section        8  nrf_sdh_ble.o(log_const_data)
    __tagsym$$used                           0x0002b6ec   Number         0  nrf_sdh_ble.o(log_const_data)
    log_const_data                           0x0002b6f4   Section        8  nrf_sdh_soc.o(log_const_data)
    __tagsym$$used                           0x0002b6f4   Number         0  nrf_sdh_soc.o(log_const_data)
    nrf_balloc                               0x0002b6fc   Section       20  nrf_log_frontend.o(nrf_balloc)
    __tagsym$$used                           0x0002b6fc   Number         0  nrf_log_frontend.o(nrf_balloc)
    sdh_ble_observers0                       0x0002b710   Section        8  ble_conn_state.o(sdh_ble_observers0)
    __tagsym$$used                           0x0002b710   Number         0  ble_conn_state.o(sdh_ble_observers0)
    m_ble_evt_observer                       0x0002b710   Data           8  ble_conn_state.o(sdh_ble_observers0)
    sdh_ble_observers1                       0x0002b718   Section        8  main.o(sdh_ble_observers1)
    __tagsym$$used                           0x0002b718   Number         0  main.o(sdh_ble_observers1)
    m_gatt_obs                               0x0002b718   Data           8  main.o(sdh_ble_observers1)
    sdh_ble_observers1                       0x0002b720   Section        8  ble_conn_params.o(sdh_ble_observers1)
    __tagsym$$used                           0x0002b720   Number         0  ble_conn_params.o(sdh_ble_observers1)
    m_ble_observer                           0x0002b720   Data           8  ble_conn_params.o(sdh_ble_observers1)
    sdh_ble_observers2                       0x0002b728   Section       16  main.o(sdh_ble_observers2)
    __tagsym$$used                           0x0002b728   Number         0  main.o(sdh_ble_observers2)
    m_lbs_obs                                0x0002b728   Data           8  main.o(sdh_ble_observers2)
    __tagsym$$used                           0x0002b730   Number         0  main.o(sdh_ble_observers2)
    m_qwr_obs                                0x0002b730   Data           8  main.o(sdh_ble_observers2)
    sdh_ble_observers3                       0x0002b738   Section        8  main.o(sdh_ble_observers3)
    __tagsym$$used                           0x0002b738   Number         0  main.o(sdh_ble_observers3)
    m_ble_observer                           0x0002b738   Data           8  main.o(sdh_ble_observers3)
    sdh_soc_observers0                       0x0002b740   Section        8  nrf_drv_clock.o(sdh_soc_observers0)
    __tagsym$$used                           0x0002b740   Number         0  nrf_drv_clock.o(sdh_soc_observers0)
    m_soc_evt_observer                       0x0002b740   Data           8  nrf_drv_clock.o(sdh_soc_observers0)
    sdh_stack_observers0                     0x0002b748   Section        8  nrf_sdh_ble.o(sdh_stack_observers0)
    __tagsym$$used                           0x0002b748   Number         0  nrf_sdh_ble.o(sdh_stack_observers0)
    m_nrf_sdh_ble_evts_poll                  0x0002b748   Data           8  nrf_sdh_ble.o(sdh_stack_observers0)
    sdh_stack_observers0                     0x0002b750   Section        8  nrf_sdh_soc.o(sdh_stack_observers0)
    __tagsym$$used                           0x0002b750   Number         0  nrf_sdh_soc.o(sdh_stack_observers0)
    m_nrf_sdh_soc_evts_poll                  0x0002b750   Data           8  nrf_sdh_soc.o(sdh_stack_observers0)
    sdh_state_observers0                     0x0002b758   Section        8  nrf_drv_clock.o(sdh_state_observers0)
    __tagsym$$used                           0x0002b758   Number         0  nrf_drv_clock.o(sdh_state_observers0)
    m_sd_state_observer                      0x0002b758   Data           8  nrf_drv_clock.o(sdh_state_observers0)
    .data                                    0x200022b8   Section       28  main.o(.data)
    m_adv_handle                             0x200022b8   Data           1  main.o(.data)
    m_conn_handle                            0x200022ba   Data           2  main.o(.data)
    buttons                                  0x200022bc   Data           8  main.o(.data)
    m_adv_data                               0x200022c4   Data          16  main.o(.data)
    .data                                    0x200022d4   Section        8  ble_conn_params.o(.data)
    m_preferred_conn_params                  0x200022d4   Data           8  ble_conn_params.o(.data)
    .data                                    0x200022dc   Section       12  nrf_drv_uart.o(.data)
    m_handlers                               0x200022e0   Data           4  nrf_drv_uart.o(.data)
    m_contexts                               0x200022e4   Data           4  nrf_drv_uart.o(.data)
    .data                                    0x200022e8   Section        8  nrfx_clock.o(.data)
    m_clock_cb                               0x200022e8   Data           8  nrfx_clock.o(.data)
    .data                                    0x200022f0   Section        8  nrfx_prs.o(.data)
    m_prs_box_4                              0x200022f0   Data           8  nrfx_prs.o(.data)
    .data                                    0x200022f8   Section       32  app_button.o(.data)
    m_button_count                           0x200022f8   Data           1  app_button.o(.data)
    mp_buttons                               0x200022fc   Data           4  app_button.o(.data)
    m_detection_delay                        0x20002300   Data           4  app_button.o(.data)
    m_pin_state                              0x20002308   Data           8  app_button.o(.data)
    m_pin_transition                         0x20002310   Data           8  app_button.o(.data)
    .data                                    0x20002318   Section       20  app_timer.o(.data)
    m_ticks_elapsed_q_read_ind               0x20002318   Data           1  app_timer.o(.data)
    m_ticks_elapsed_q_write_ind              0x20002319   Data           1  app_timer.o(.data)
    m_rtc1_running                           0x2000231a   Data           1  app_timer.o(.data)
    m_rtc1_reset                             0x2000231b   Data           1  app_timer.o(.data)
    mp_timer_id_head                         0x2000231c   Data           4  app_timer.o(.data)
    m_ticks_latest                           0x20002320   Data           4  app_timer.o(.data)
    m_ticks_elapsed                          0x20002324   Data           8  app_timer.o(.data)
    .data                                    0x2000232c   Section        8  nrf_pwr_mgmt.o(.data)
    m_pwr_mgmt_evt                           0x2000232c   Data           1  nrf_pwr_mgmt.o(.data)
    m_shutdown_started                       0x2000232d   Data           1  nrf_pwr_mgmt.o(.data)
    m_sysoff_mtx                             0x20002330   Data           4  nrf_pwr_mgmt.o(.data)
    .data                                    0x20002334   Section       24  nrf_log_backend_uart.o(.data)
    m_xfer_done                              0x20002334   Data           1  nrf_log_backend_uart.o(.data)
    m_async_mode                             0x20002335   Data           1  nrf_log_backend_uart.o(.data)
    .data                                    0x2000234c   Section        8  nrf_log_default_backends.o(.data)
    log_backend_cb_uart_log_backend          0x2000234c   Data           8  nrf_log_default_backends.o(.data)
    .data                                    0x20002354   Section        8  nrf_log_frontend.o(.data)
    log_mempool_nrf_balloc_pool_stack        0x20002354   Data           8  nrf_log_frontend.o(.data)
    .data                                    0x2000235c   Section        8  nrf_log_frontend.o(.data)
    log_mempool_nrf_balloc_cb                0x2000235c   Data           8  nrf_log_frontend.o(.data)
    .data                                    0x20002364   Section       64  nrf_log_str_formatter.o(.data)
    m_freq                                   0x20002364   Data           4  nrf_log_str_formatter.o(.data)
    m_timestamp_div                          0x20002368   Data           4  nrf_log_str_formatter.o(.data)
    severity_names                           0x2000236c   Data          20  nrf_log_str_formatter.o(.data)
    m_colors                                 0x20002380   Data          36  nrf_log_str_formatter.o(.data)
    .data                                    0x200023a4   Section        3  nrf_sdh.o(.data)
    m_nrf_sdh_enabled                        0x200023a4   Data           1  nrf_sdh.o(.data)
    m_nrf_sdh_suspended                      0x200023a5   Data           1  nrf_sdh.o(.data)
    m_nrf_sdh_continue                       0x200023a6   Data           1  nrf_sdh.o(.data)
    .data                                    0x200023a7   Section        1  nrf_sdh_ble.o(.data)
    m_stack_is_enabled                       0x200023a7   Data           1  nrf_sdh_ble.o(.data)
    .data                                    0x200023a8   Section        4  system_nrf52.o(.data)
    __tagsym$$used                           0x200023a8   Number         0  system_nrf52.o(.data)
    .bss                                     0x200023ac   Section       56  main.o(.bss)
    m_lbs                                    0x200023ac   Data          24  main.o(.bss)
    m_gatt                                   0x200023c4   Data          20  main.o(.bss)
    m_qwr                                    0x200023d8   Data          12  main.o(.bss)
    .bss                                     0x200023e4   Section       31  main.o(.bss)
    m_enc_advdata                            0x200023e4   Data          31  main.o(.bss)
    .bss                                     0x20002403   Section       31  main.o(.bss)
    m_enc_scan_response_data                 0x20002403   Data          31  main.o(.bss)
    .bss                                     0x20002424   Section       80  ble_conn_params.o(.bss)
    m_timer_data                             0x20002424   Data          32  ble_conn_params.o(.bss)
    m_conn_params_instances                  0x20002444   Data          20  ble_conn_params.o(.bss)
    m_conn_params_config                     0x20002458   Data          28  ble_conn_params.o(.bss)
    .bss                                     0x20002474   Section      120  ble_conn_state.o(.bss)
    m_bcs                                    0x20002474   Data         120  ble_conn_state.o(.bss)
    .bss                                     0x200024ec   Section       20  nrf_drv_clock.o(.bss)
    m_clock_cb                               0x200024ec   Data          20  nrf_drv_clock.o(.bss)
    .bss                                     0x20002500   Section       92  nrfx_gpiote.o(.bss)
    m_cb                                     0x20002500   Data          92  nrfx_gpiote.o(.bss)
    .bss                                     0x2000255c   Section       44  nrfx_uart.o(.bss)
    m_cb                                     0x2000255c   Data          44  nrfx_uart.o(.bss)
    .bss                                     0x20002588   Section       36  nrfx_uarte.o(.bss)
    m_cb                                     0x20002588   Data          36  nrfx_uarte.o(.bss)
    .bss                                     0x200025ac   Section       32  app_button.o(.bss)
    m_detection_delay_timer_id_data          0x200025ac   Data          32  app_button.o(.bss)
    .bss                                     0x200025cc   Section      268  app_timer.o(.bss)
    m_op_queue                               0x200025cc   Data         268  app_timer.o(.bss)
    .bss                                     0x200026d8   Section       12  app_util_platform.o(.bss)
    .bss                                     0x200026e4   Section       12  nrf_pwr_mgmt.o(.bss)
    m_handlers_iter                          0x200026e4   Data          12  nrf_pwr_mgmt.o(.bss)
    .bss                                     0x200026f0   Section       64  nrf_log_backend_uart.o(.bss)
    m_string_buff                            0x200026f0   Data          64  nrf_log_backend_uart.o(.bss)
    .bss                                     0x20002730   Section      192  nrf_log_frontend.o(.bss)
    log_mempool_nrf_balloc_pool_mem          0x20002730   Data         192  nrf_log_frontend.o(.bss)
    .bss                                     0x200027f0   Section      128  nrf_log_frontend.o(.bss)
    m_log_push_ringbuf_buf                   0x200027f0   Data         128  nrf_log_frontend.o(.bss)
    .bss                                     0x20002870   Section       24  nrf_log_frontend.o(.bss)
    m_log_push_ringbuf_cb                    0x20002870   Data          24  nrf_log_frontend.o(.bss)
    .bss                                     0x20002888   Section     1060  nrf_log_frontend.o(.bss)
    m_log_data                               0x20002888   Data        1060  nrf_log_frontend.o(.bss)
    STACK                                    0x20002cb0   Section     8192  arm_startup_nrf52.o(STACK)

    Global Symbols

    Symbol Name                              Value     Ov Type        Size  Object(Section)

    BuildAttributes$$THM_ISAv4$E$P$D$K$B$S$7EM$VFPi3$EXTD16$VFPS$VFMA$PE$A:L22UL41UL21$X:L11$S22US41US21$IEEE1$IW$USESV6$~STKCKD$USESV7$~SHL$OSPACE$EBA8$MICROLIB$REQ8$EABIv2 0x00000000   Number         0  anon$$obj.o ABSOLUTE
    __ARM_use_no_argv                        0x00000000   Number         0  main.o ABSOLUTE
    __use_no_errno                           0x00000000   Number         0  useno.o ABSOLUTE
    __use_no_exception_handling              0x00000000   Number         0  useno.o ABSOLUTE
    __use_no_fp                              0x00000000   Number         0  useno.o ABSOLUTE
    __use_no_heap                            0x00000000   Number         0  useno.o ABSOLUTE
    __use_no_heap_region                     0x00000000   Number         0  useno.o ABSOLUTE
    __use_no_semihosting                     0x00000000   Number         0  useno.o ABSOLUTE
    __use_no_semihosting_swi                 0x00000000   Number         0  useno.o ABSOLUTE
    __use_no_signal_handling                 0x00000000   Number         0  useno.o ABSOLUTE
    __cpp_initialize__aeabi_                  - Undefined Weak Reference
    __cxa_finalize                            - Undefined Weak Reference
    __decompress                              - Undefined Weak Reference
    _clock_init                               - Undefined Weak Reference
    _microlib_exit                            - Undefined Weak Reference
    log_dynamic_data$$Base                    - Undefined Reference
    pwr_mgmt_data0$$Base                      - Undefined Reference
    pwr_mgmt_data0$$Limit                     - Undefined Reference
    pwr_mgmt_data1$$Base                      - Undefined Reference
    pwr_mgmt_data1$$Limit                     - Undefined Reference
    pwr_mgmt_data2$$Base                      - Undefined Reference
    pwr_mgmt_data2$$Limit                     - Undefined Reference
    sdh_req_observers0$$Base                  - Undefined Reference
    sdh_req_observers0$$Limit                 - Undefined Reference
    sdh_req_observers1$$Base                  - Undefined Reference
    sdh_req_observers1$$Limit                 - Undefined Reference
    sdh_soc_observers1$$Base                  - Undefined Reference
    sdh_soc_observers1$$Limit                 - Undefined Reference
    sdh_stack_observers1$$Base                - Undefined Reference
    sdh_stack_observers1$$Limit               - Undefined Reference
    sdh_state_observers1$$Base                - Undefined Reference
    sdh_state_observers1$$Limit               - Undefined Reference
    __Vectors_Size                           0x00000200   Number         0  arm_startup_nrf52.o ABSOLUTE
    __Vectors                                0x00026000   Data           4  arm_startup_nrf52.o(RESET)
    __Vectors_End                            0x00026200   Data           0  arm_startup_nrf52.o(RESET)
    __main                                   0x00026201   Thumb Code     0  entry.o(.ARM.Collect$$$$00000000)
    _main_stk                                0x00026201   Thumb Code     0  entry2.o(.ARM.Collect$$$$00000001)
    _main_scatterload                        0x00026205   Thumb Code     0  entry5.o(.ARM.Collect$$$$00000004)
    __main_after_scatterload                 0x00026209   Thumb Code     0  entry5.o(.ARM.Collect$$$$00000004)
    _main_clock                              0x00026209   Thumb Code     0  entry7b.o(.ARM.Collect$$$$00000008)
    _main_cpp_init                           0x00026209   Thumb Code     0  entry8b.o(.ARM.Collect$$$$0000000A)
    _main_init                               0x00026209   Thumb Code     0  entry9a.o(.ARM.Collect$$$$0000000B)
    __rt_final_cpp                           0x00026211   Thumb Code     0  entry10a.o(.ARM.Collect$$$$0000000D)
    __rt_final_exit                          0x00026211   Thumb Code     0  entry11a.o(.ARM.Collect$$$$0000000F)
    __asm___12_nrf_atomic_c_85ca2469__nrf_atomic_internal_mov 0x00026215   Thumb Code    24  nrf_atomic.o(.emb_text)
    __asm___12_nrf_atomic_c_85ca2469__nrf_atomic_internal_orr 0x0002622d   Thumb Code    26  nrf_atomic.o(.emb_text)
    __asm___12_nrf_atomic_c_85ca2469__nrf_atomic_internal_and 0x00026247   Thumb Code    26  nrf_atomic.o(.emb_text)
    __asm___12_nrf_atomic_c_85ca2469__nrf_atomic_internal_eor 0x00026261   Thumb Code    26  nrf_atomic.o(.emb_text)
    __asm___12_nrf_atomic_c_85ca2469__nrf_atomic_internal_add 0x0002627b   Thumb Code    26  nrf_atomic.o(.emb_text)
    __asm___12_nrf_atomic_c_85ca2469__nrf_atomic_internal_sub 0x00026295   Thumb Code    26  nrf_atomic.o(.emb_text)
    __asm___12_nrf_atomic_c_85ca2469__nrf_atomic_internal_cmp_exch 0x000262af   Thumb Code    42  nrf_atomic.o(.emb_text)
    __asm___12_nrf_atomic_c_85ca2469__nrf_atomic_internal_sub_hs 0x000262d9   Thumb Code    30  nrf_atomic.o(.emb_text)
    Reset_Handler                            0x000262f9   Thumb Code     8  arm_startup_nrf52.o(.text)
    NMI_Handler                              0x00026301   Thumb Code     2  arm_startup_nrf52.o(.text)
    HardFault_Handler                        0x00026303   Thumb Code     2  arm_startup_nrf52.o(.text)
    MemoryManagement_Handler                 0x00026305   Thumb Code     2  arm_startup_nrf52.o(.text)
    BusFault_Handler                         0x00026307   Thumb Code     2  arm_startup_nrf52.o(.text)
    UsageFault_Handler                       0x00026309   Thumb Code     2  arm_startup_nrf52.o(.text)
    SVC_Handler                              0x0002630b   Thumb Code     2  arm_startup_nrf52.o(.text)
    DebugMon_Handler                         0x0002630d   Thumb Code     2  arm_startup_nrf52.o(.text)
    PendSV_Handler                           0x0002630f   Thumb Code     2  arm_startup_nrf52.o(.text)
    SysTick_Handler                          0x00026311   Thumb Code     2  arm_startup_nrf52.o(.text)
    CCM_AAR_IRQHandler                       0x00026313   Thumb Code     0  arm_startup_nrf52.o(.text)
    COMP_LPCOMP_IRQHandler                   0x00026313   Thumb Code     0  arm_startup_nrf52.o(.text)
    ECB_IRQHandler                           0x00026313   Thumb Code     0  arm_startup_nrf52.o(.text)
    FPU_IRQHandler                           0x00026313   Thumb Code     0  arm_startup_nrf52.o(.text)
    I2S_IRQHandler                           0x00026313   Thumb Code     0  arm_startup_nrf52.o(.text)
    MWU_IRQHandler                           0x00026313   Thumb Code     0  arm_startup_nrf52.o(.text)
    NFCT_IRQHandler                          0x00026313   Thumb Code     0  arm_startup_nrf52.o(.text)
    PDM_IRQHandler                           0x00026313   Thumb Code     0  arm_startup_nrf52.o(.text)
    PWM0_IRQHandler                          0x00026313   Thumb Code     0  arm_startup_nrf52.o(.text)
    PWM1_IRQHandler                          0x00026313   Thumb Code     0  arm_startup_nrf52.o(.text)
    PWM2_IRQHandler                          0x00026313   Thumb Code     0  arm_startup_nrf52.o(.text)
    QDEC_IRQHandler                          0x00026313   Thumb Code     0  arm_startup_nrf52.o(.text)
    RADIO_IRQHandler                         0x00026313   Thumb Code     0  arm_startup_nrf52.o(.text)
    RNG_IRQHandler                           0x00026313   Thumb Code     0  arm_startup_nrf52.o(.text)
    RTC0_IRQHandler                          0x00026313   Thumb Code     0  arm_startup_nrf52.o(.text)
    RTC2_IRQHandler                          0x00026313   Thumb Code     0  arm_startup_nrf52.o(.text)
    SAADC_IRQHandler                         0x00026313   Thumb Code     0  arm_startup_nrf52.o(.text)
    SPIM0_SPIS0_TWIM0_TWIS0_SPI0_TWI0_IRQHandler 0x00026313   Thumb Code     0  arm_startup_nrf52.o(.text)
    SPIM1_SPIS1_TWIM1_TWIS1_SPI1_TWI1_IRQHandler 0x00026313   Thumb Code     0  arm_startup_nrf52.o(.text)
    SPIM2_SPIS2_SPI2_IRQHandler              0x00026313   Thumb Code     0  arm_startup_nrf52.o(.text)
    SWI1_EGU1_IRQHandler                     0x00026313   Thumb Code     0  arm_startup_nrf52.o(.text)
    SWI3_EGU3_IRQHandler                     0x00026313   Thumb Code     0  arm_startup_nrf52.o(.text)
    SWI4_EGU4_IRQHandler                     0x00026313   Thumb Code     0  arm_startup_nrf52.o(.text)
    SWI5_EGU5_IRQHandler                     0x00026313   Thumb Code     0  arm_startup_nrf52.o(.text)
    TEMP_IRQHandler                          0x00026313   Thumb Code     0  arm_startup_nrf52.o(.text)
    TIMER0_IRQHandler                        0x00026313   Thumb Code     0  arm_startup_nrf52.o(.text)
    TIMER1_IRQHandler                        0x00026313   Thumb Code     0  arm_startup_nrf52.o(.text)
    TIMER2_IRQHandler                        0x00026313   Thumb Code     0  arm_startup_nrf52.o(.text)
    TIMER3_IRQHandler                        0x00026313   Thumb Code     0  arm_startup_nrf52.o(.text)
    TIMER4_IRQHandler                        0x00026313   Thumb Code     0  arm_startup_nrf52.o(.text)
    WDT_IRQHandler                           0x00026313   Thumb Code     0  arm_startup_nrf52.o(.text)
    __aeabi_llsl                             0x0002631d   Thumb Code    30  llshl.o(.text)
    _ll_shift_l                              0x0002631d   Thumb Code     0  llshl.o(.text)
    __rt_ctype_table                         0x0002633d   Thumb Code     4  ctype_o.o(.text)
    __aeabi_memcpy                           0x00026345   Thumb Code    36  memcpya.o(.text)
    __aeabi_memcpy4                          0x00026345   Thumb Code     0  memcpya.o(.text)
    __aeabi_memcpy8                          0x00026345   Thumb Code     0  memcpya.o(.text)
    __aeabi_memset                           0x00026369   Thumb Code    14  memseta.o(.text)
    __aeabi_memset4                          0x00026369   Thumb Code     0  memseta.o(.text)
    __aeabi_memset8                          0x00026369   Thumb Code     0  memseta.o(.text)
    __aeabi_memclr                           0x00026377   Thumb Code     4  memseta.o(.text)
    __aeabi_memclr4                          0x00026377   Thumb Code     0  memseta.o(.text)
    __aeabi_memclr8                          0x00026377   Thumb Code     0  memseta.o(.text)
    _memset$wrapper                          0x0002637b   Thumb Code    18  memseta.o(.text)
    strlen                                   0x0002638d   Thumb Code    14  strlen.o(.text)
    __scatterload                            0x0002639d   Thumb Code    28  init.o(.text)
    __scatterload_rt2                        0x0002639d   Thumb Code     0  init.o(.text)
    GPIOTE_IRQHandler                        0x000263c1   Thumb Code   346  nrfx_gpiote.o(i.GPIOTE_IRQHandler)
    POWER_CLOCK_IRQHandler                   0x00026589   Thumb Code    82  nrfx_clock.o(i.POWER_CLOCK_IRQHandler)
    RTC1_IRQHandler                          0x000265e1   Thumb Code    32  app_timer.o(i.RTC1_IRQHandler)
    SWI0_EGU0_IRQHandler                     0x00026605   Thumb Code     4  app_timer.o(i.SWI0_EGU0_IRQHandler)
    SWI2_EGU2_IRQHandler                     0x00026609   Thumb Code     4  nrf_sdh.o(i.SWI2_EGU2_IRQHandler)
    SystemInit                               0x0002660d   Thumb Code   726  system_nrf52.o(i.SystemInit)
    UARTE0_UART0_IRQHandler                  0x00026929   Thumb Code     6  nrfx_prs.o(i.UARTE0_UART0_IRQHandler)
    __scatterload_copy                       0x00026935   Thumb Code    14  handlers.o(i.__scatterload_copy)
    __scatterload_null                       0x00026943   Thumb Code     2  handlers.o(i.__scatterload_null)
    __scatterload_zeroinit                   0x00026945   Thumb Code    14  handlers.o(i.__scatterload_zeroinit)
    app_button_disable                       0x00026a3d   Thumb Code    38  app_button.o(i.app_button_disable)
    app_button_enable                        0x00026a6d   Thumb Code    32  app_button.o(i.app_button_enable)
    app_button_init                          0x00026a91   Thumb Code   102  app_button.o(i.app_button_init)
    app_error_fault_handler                  0x00026b09   Thumb Code    86  app_error_weak.o(i.app_error_fault_handler)
    app_error_handler_bare                   0x00026b8d   Thumb Code    22  app_error.o(i.app_error_handler_bare)
    app_timer_create                         0x00026ba5   Thumb Code    32  app_timer.o(i.app_timer_create)
    app_timer_init                           0x00026bc9   Thumb Code    70  app_timer.o(i.app_timer_init)
    app_timer_start                          0x00026c1d   Thumb Code   128  app_timer.o(i.app_timer_start)
    app_timer_stop                           0x00026ca5   Thumb Code    26  app_timer.o(i.app_timer_stop)
    app_util_critical_region_enter           0x00026cc5   Thumb Code    64  app_util_platform.o(i.app_util_critical_region_enter)
    app_util_critical_region_exit            0x00026d0d   Thumb Code    46  app_util_platform.o(i.app_util_critical_region_exit)
    ble_advdata_encode                       0x00026e51   Thumb Code   386  ble_advdata.o(i.ble_advdata_encode)
    ble_conn_params_init                     0x00026fd5   Thumb Code    90  ble_conn_params.o(i.ble_conn_params_init)
    ble_lbs_init                             0x00027399   Thumb Code   190  ble_lbs.o(i.ble_lbs_init)
    ble_lbs_on_ble_evt                       0x0002745d   Thumb Code    46  ble_lbs.o(i.ble_lbs_on_ble_evt)
    ble_lbs_on_button_change                 0x0002748b   Thumb Code    46  ble_lbs.o(i.ble_lbs_on_button_change)
    ble_srv_is_notification_enabled          0x000274b9   Thumb Code     8  ble_srv_common.o(i.ble_srv_is_notification_enabled)
    bsp_board_init                           0x000274c1   Thumb Code    80  boards.o(i.bsp_board_init)
    bsp_board_led_off                        0x00027515   Thumb Code    10  boards.o(i.bsp_board_led_off)
    bsp_board_led_on                         0x00027525   Thumb Code    10  boards.o(i.bsp_board_led_on)
    bsp_board_leds_off                       0x00027535   Thumb Code    18  boards.o(i.bsp_board_leds_off)
    buffer_is_empty                          0x000275f9   Thumb Code    16  nrf_log_frontend.o(i.buffer_is_empty)
    characteristic_add                       0x000276f9   Thumb Code   400  ble_srv_common.o(i.characteristic_add)
    conn_handle_list_get                     0x00027979   Thumb Code    62  ble_conn_state.o(i.conn_handle_list_get)
    main                                     0x00028079   Thumb Code   330  main.o(i.main)
    nrf_atflags_clear                        0x000283c7   Thumb Code    22  nrf_atflags.o(i.nrf_atflags_clear)
    nrf_atflags_get                          0x000283dd   Thumb Code    22  nrf_atflags.o(i.nrf_atflags_get)
    nrf_atflags_set                          0x000283f3   Thumb Code    20  nrf_atflags.o(i.nrf_atflags_set)
    nrf_atomic_flag_clear_fetch              0x00028407   Thumb Code     6  nrf_atomic.o(i.nrf_atomic_flag_clear_fetch)
    nrf_atomic_flag_set                      0x0002840d   Thumb Code     6  nrf_atomic.o(i.nrf_atomic_flag_set)
    nrf_atomic_u32_add                       0x00028413   Thumb Code    12  nrf_atomic.o(i.nrf_atomic_u32_add)
    nrf_atomic_u32_and                       0x0002841f   Thumb Code    12  nrf_atomic.o(i.nrf_atomic_u32_and)
    nrf_atomic_u32_fetch_and                 0x0002842b   Thumb Code    10  nrf_atomic.o(i.nrf_atomic_u32_fetch_and)
    nrf_atomic_u32_fetch_store               0x00028435   Thumb Code    10  nrf_atomic.o(i.nrf_atomic_u32_fetch_store)
    nrf_atomic_u32_or                        0x0002843f   Thumb Code    12  nrf_atomic.o(i.nrf_atomic_u32_or)
    nrf_atomic_u32_sub                       0x0002844b   Thumb Code    12  nrf_atomic.o(i.nrf_atomic_u32_sub)
    nrf_balloc_alloc                         0x00028457   Thumb Code    68  nrf_balloc.o(i.nrf_balloc_alloc)
    nrf_balloc_free                          0x0002849b   Thumb Code    48  nrf_balloc.o(i.nrf_balloc_free)
    nrf_balloc_init                          0x000284cb   Thumb Code    48  nrf_balloc.o(i.nrf_balloc_init)
    nrf_ble_gatt_init                        0x0002851f   Thumb Code    34  nrf_ble_gatt.o(i.nrf_ble_gatt_init)
    nrf_ble_gatt_on_ble_evt                  0x00028541   Thumb Code   270  nrf_ble_gatt.o(i.nrf_ble_gatt_on_ble_evt)
    nrf_ble_qwr_conn_handle_assign           0x00028691   Thumb Code    22  nrf_ble_qwr.o(i.nrf_ble_qwr_conn_handle_assign)
    nrf_ble_qwr_init                         0x000286a7   Thumb Code    36  nrf_ble_qwr.o(i.nrf_ble_qwr_init)
    nrf_ble_qwr_on_ble_evt                   0x000286cb   Thumb Code   182  nrf_ble_qwr.o(i.nrf_ble_qwr_on_ble_evt)
    nrf_drv_clock_init                       0x000287a1   Thumb Code    48  nrf_drv_clock.o(i.nrf_drv_clock_init)
    nrf_drv_clock_lfclk_release              0x000287d9   Thumb Code    42  nrf_drv_clock.o(i.nrf_drv_clock_lfclk_release)
    nrf_drv_uart_init                        0x00028809   Thumb Code    90  nrf_drv_uart.o(i.nrf_drv_uart_init)
    nrf_fprintf                              0x00028871   Thumb Code    26  nrf_fprintf.o(i.nrf_fprintf)
    nrf_fprintf_buffer_flush                 0x0002888b   Thumb Code    24  nrf_fprintf.o(i.nrf_fprintf_buffer_flush)
    nrf_fprintf_fmt                          0x000288a3   Thumb Code   474  nrf_fprintf_format.o(i.nrf_fprintf_fmt)
    nrf_log_backend_add                      0x00028c01   Thumb Code    86  nrf_log_frontend.o(i.nrf_log_backend_add)
    nrf_log_backend_serial_put               0x00028c5d   Thumb Code   200  nrf_log_backend_serial.o(i.nrf_log_backend_serial_put)
    nrf_log_backend_uart_init                0x00028d27   Thumb Code     6  nrf_log_backend_uart.o(i.nrf_log_backend_uart_init)
    nrf_log_color_id_get                     0x00028d71   Thumb Code    42  nrf_log_frontend.o(i.nrf_log_color_id_get)
    nrf_log_default_backends_init            0x00028da1   Thumb Code    24  nrf_log_default_backends.o(i.nrf_log_default_backends_init)
    nrf_log_frontend_dequeue                 0x00028dbd   Thumb Code   528  nrf_log_frontend.o(i.nrf_log_frontend_dequeue)
    nrf_log_frontend_std_0                   0x00028ff1   Thumb Code     8  nrf_log_frontend.o(i.nrf_log_frontend_std_0)
    nrf_log_frontend_std_1                   0x00028ff9   Thumb Code    14  nrf_log_frontend.o(i.nrf_log_frontend_std_1)
    nrf_log_frontend_std_2                   0x00029007   Thumb Code    16  nrf_log_frontend.o(i.nrf_log_frontend_std_2)
    nrf_log_hexdump_entry_process            0x00029019   Thumb Code   146  nrf_log_str_formatter.o(i.nrf_log_hexdump_entry_process)
    nrf_log_init                             0x000290c5   Thumb Code    46  nrf_log_frontend.o(i.nrf_log_init)
    nrf_log_module_cnt_get                   0x00029101   Thumb Code    10  nrf_log_frontend.o(i.nrf_log_module_cnt_get)
    nrf_log_module_name_get                  0x00029115   Thumb Code    24  nrf_log_frontend.o(i.nrf_log_module_name_get)
    nrf_log_panic                            0x00029131   Thumb Code    38  nrf_log_frontend.o(i.nrf_log_panic)
    nrf_log_std_entry_process                0x0002915d   Thumb Code   182  nrf_log_str_formatter.o(i.nrf_log_std_entry_process)
    nrf_memobj_alloc                         0x00029213   Thumb Code    96  nrf_memobj.o(i.nrf_memobj_alloc)
    nrf_memobj_free                          0x00029273   Thumb Code    50  nrf_memobj.o(i.nrf_memobj_free)
    nrf_memobj_get                           0x000292a5   Thumb Code     8  nrf_memobj.o(i.nrf_memobj_get)
    nrf_memobj_pool_init                     0x000292ad   Thumb Code     4  nrf_memobj.o(i.nrf_memobj_pool_init)
    nrf_memobj_put                           0x000292b1   Thumb Code    30  nrf_memobj.o(i.nrf_memobj_put)
    nrf_memobj_read                          0x000292cf   Thumb Code    16  nrf_memobj.o(i.nrf_memobj_read)
    nrf_memobj_write                         0x000292df   Thumb Code    16  nrf_memobj.o(i.nrf_memobj_write)
    nrf_pwr_mgmt_init                        0x000292f1   Thumb Code    28  nrf_pwr_mgmt.o(i.nrf_pwr_mgmt_init)
    nrf_pwr_mgmt_run                         0x00029319   Thumb Code    64  nrf_pwr_mgmt.o(i.nrf_pwr_mgmt_run)
    nrf_ringbuf_init                         0x00029361   Thumb Code    28  nrf_ringbuf.o(i.nrf_ringbuf_init)
    nrf_sdh_ble_app_ram_start_get            0x0002937d   Thumb Code    16  nrf_sdh_ble.o(i.nrf_sdh_ble_app_ram_start_get)
    nrf_sdh_ble_default_cfg_set              0x00029391   Thumb Code   228  nrf_sdh_ble.o(i.nrf_sdh_ble_default_cfg_set)
    nrf_sdh_ble_enable                       0x00029491   Thumb Code   116  nrf_sdh_ble.o(i.nrf_sdh_ble_enable)
    nrf_sdh_enable_request                   0x0002961d   Thumb Code   102  nrf_sdh.o(i.nrf_sdh_enable_request)
    nrf_sdh_evts_poll                        0x00029691   Thumb Code    32  nrf_sdh.o(i.nrf_sdh_evts_poll)
    nrf_sdh_is_enabled                       0x000296b5   Thumb Code     6  nrf_sdh.o(i.nrf_sdh_is_enabled)
    nrf_section_iter_init                    0x000296fd   Thumb Code    10  nrf_section_iter.o(i.nrf_section_iter_init)
    nrf_section_iter_next                    0x0002972b   Thumb Code    32  nrf_section_iter.o(i.nrf_section_iter_next)
    nrf_strerror_find                        0x0002974d   Thumb Code    52  nrf_strerror.o(i.nrf_strerror_find)
    nrf_strerror_get                         0x00029785   Thumb Code    14  nrf_strerror.o(i.nrf_strerror_get)
    nrfx_clock_enable                        0x000297d1   Thumb Code    38  nrfx_clock.o(i.nrfx_clock_enable)
    nrfx_clock_init                          0x00029801   Thumb Code    26  nrfx_clock.o(i.nrfx_clock_init)
    nrfx_clock_lfclk_stop                    0x00029821   Thumb Code    20  nrfx_clock.o(i.nrfx_clock_lfclk_stop)
    nrfx_gpiote_in_event_disable             0x0002984d   Thumb Code    66  nrfx_gpiote.o(i.nrfx_gpiote_in_event_disable)
    nrfx_gpiote_in_event_enable              0x00029895   Thumb Code   156  nrfx_gpiote.o(i.nrfx_gpiote_in_event_enable)
    nrfx_gpiote_in_init                      0x00029939   Thumb Code   194  nrfx_gpiote.o(i.nrfx_gpiote_in_init)
    nrfx_gpiote_in_is_set                    0x00029a09   Thumb Code    20  nrfx_gpiote.o(i.nrfx_gpiote_in_is_set)
    nrfx_gpiote_init                         0x00029a1d   Thumb Code    98  nrfx_gpiote.o(i.nrfx_gpiote_init)
    nrfx_gpiote_is_init                      0x00029a8d   Thumb Code    14  nrfx_gpiote.o(i.nrfx_gpiote_is_init)
    nrfx_prs_acquire                         0x00029ab1   Thumb Code    58  nrfx_prs.o(i.nrfx_prs_acquire)
    nrfx_prs_release                         0x00029aeb   Thumb Code    18  nrfx_prs.o(i.nrfx_prs_release)
    nrfx_uart_0_irq_handler                  0x00029afd   Thumb Code     8  nrfx_uart.o(i.nrfx_uart_0_irq_handler)
    nrfx_uart_init                           0x00029b0d   Thumb Code   200  nrfx_uart.o(i.nrfx_uart_init)
    nrfx_uart_tx                             0x00029be1   Thumb Code   160  nrfx_uart.o(i.nrfx_uart_tx)
    nrfx_uart_tx_in_progress                 0x00029c85   Thumb Code    26  nrfx_uart.o(i.nrfx_uart_tx_in_progress)
    nrfx_uart_uninit                         0x00029ca5   Thumb Code   170  nrfx_uart.o(i.nrfx_uart_uninit)
    nrfx_uarte_0_irq_handler                 0x00029d59   Thumb Code     8  nrfx_uarte.o(i.nrfx_uarte_0_irq_handler)
    nrfx_uarte_init                          0x00029d69   Thumb Code   100  nrfx_uarte.o(i.nrfx_uarte_init)
    nrfx_uarte_tx                            0x00029dd5   Thumb Code   138  nrfx_uarte.o(i.nrfx_uarte_tx)
    nrfx_uarte_tx_in_progress                0x00029e65   Thumb Code    22  nrfx_uarte.o(i.nrfx_uarte_tx_in_progress)
    nrfx_uarte_uninit                        0x00029e81   Thumb Code   166  nrfx_uarte.o(i.nrfx_uarte_uninit)
    nrf_log_backend_uart_api                 0x0002ae08   Data          12  nrf_log_backend_uart.o(.constdata)
    m_ram_start                              0x0002aeb8   Data           4  nrf_sdh_ble.o(.constdata)
    __ctype_table                            0x0002aee4   Data         129  ctype_o.o(.constdata)
    Region$$Table$$Base                      0x0002b66c   Number         0  anon$$obj.o(Region$$Table)
    Region$$Table$$Limit                     0x0002b68c   Number         0  anon$$obj.o(Region$$Table)
    log_const_data$$Base                     0x0002b69c   Number         0  nrf_ble_gatt.o(log_const_data)
    m_nrf_log_nrf_ble_gatt_logs_data_const   0x0002b69c   Data           8  nrf_ble_gatt.o(log_const_data)
    m_nrf_log_clock_logs_data_const          0x0002b6a4   Data           8  nrf_drv_clock.o(log_const_data)
    m_nrf_log_CLOCK_logs_data_const          0x0002b6ac   Data           8  nrfx_clock.o(log_const_data)
    m_nrf_log_GPIOTE_logs_data_const         0x0002b6b4   Data           8  nrfx_gpiote.o(log_const_data)
    m_nrf_log_PRS_logs_data_const            0x0002b6bc   Data           8  nrfx_prs.o(log_const_data)
    m_nrf_log_UART_logs_data_const           0x0002b6c4   Data           8  nrfx_uart.o(log_const_data)
    m_nrf_log_UARTE_logs_data_const          0x0002b6cc   Data           8  nrfx_uarte.o(log_const_data)
    m_nrf_log_pwr_mgmt_logs_data_const       0x0002b6d4   Data           8  nrf_pwr_mgmt.o(log_const_data)
    m_nrf_log_app_logs_data_const            0x0002b6dc   Data           8  nrf_log_frontend.o(log_const_data)
    m_nrf_log_nrf_sdh_logs_data_const        0x0002b6e4   Data           8  nrf_sdh.o(log_const_data)
    m_nrf_log_nrf_sdh_ble_logs_data_const    0x0002b6ec   Data           8  nrf_sdh_ble.o(log_const_data)
    m_nrf_log_nrf_sdh_soc_logs_data_const    0x0002b6f4   Data           8  nrf_sdh_soc.o(log_const_data)
    log_const_data$$Limit                    0x0002b6fc   Number         0  nrf_sdh_soc.o(log_const_data)
    log_mempool                              0x0002b6fc   Data          20  nrf_log_frontend.o(nrf_balloc)
    sdh_ble_observers0$$Base                 0x0002b710   Number         0  ble_conn_state.o(sdh_ble_observers0)
    sdh_ble_observers0$$Limit                0x0002b718   Number         0  ble_conn_state.o(sdh_ble_observers0)
    sdh_ble_observers1$$Base                 0x0002b718   Number         0  main.o(sdh_ble_observers1)
    sdh_ble_observers1$$Limit                0x0002b728   Number         0  ble_conn_params.o(sdh_ble_observers1)
    sdh_ble_observers2$$Base                 0x0002b728   Number         0  main.o(sdh_ble_observers2)
    sdh_ble_observers2$$Limit                0x0002b738   Number         0  main.o(sdh_ble_observers2)
    sdh_ble_observers3$$Base                 0x0002b738   Number         0  main.o(sdh_ble_observers3)
    sdh_ble_observers3$$Limit                0x0002b740   Number         0  main.o(sdh_ble_observers3)
    sdh_soc_observers0$$Base                 0x0002b740   Number         0  nrf_drv_clock.o(sdh_soc_observers0)
    sdh_soc_observers0$$Limit                0x0002b748   Number         0  nrf_drv_clock.o(sdh_soc_observers0)
    sdh_stack_observers0$$Base               0x0002b748   Number         0  nrf_sdh_ble.o(sdh_stack_observers0)
    sdh_stack_observers0$$Limit              0x0002b758   Number         0  nrf_sdh_soc.o(sdh_stack_observers0)
    sdh_state_observers0$$Base               0x0002b758   Number         0  nrf_drv_clock.o(sdh_state_observers0)
    sdh_state_observers0$$Limit              0x0002b760   Number         0  nrf_drv_clock.o(sdh_state_observers0)
    Image$$RW_IRAM1$$Base                    0x200022b8   Number         0  anon$$obj.o ABSOLUTE
    nrf_drv_uart_use_easy_dma                0x200022dc   Data           1  nrf_drv_uart.o(.data)
    m_uart                                   0x20002338   Data          20  nrf_log_backend_uart.o(.data)
    SystemCoreClock                          0x200023a8   Data           4  system_nrf52.o(.data)
    nrf_nvic_state                           0x200026d8   Data          12  app_util_platform.o(.bss)
    __initial_sp                             0x20004cb0   Data           0  arm_startup_nrf52.o(STACK)



==============================================================================

Memory Map of the image

  Image Entry point : 0x00026201

  Load Region LR_IROM1 (Base: 0x00026000, Size: 0x00005854, Max: 0x0005a000, ABSOLUTE)

    Execution Region ER_IROM1 (Base: 0x00026000, Size: 0x00005760, Max: 0x0005a000, ABSOLUTE)

    Base Addr    Size         Type   Attr      Idx    E Section Name        Object

    0x00026000   0x00000200   Data   RO         4364    RESET               arm_startup_nrf52.o
    0x00026200   0x00000000   Code   RO         4405  * .ARM.Collect$$$$00000000  mc_w.l(entry.o)
    0x00026200   0x00000004   Code   RO         4457    .ARM.Collect$$$$00000001  mc_w.l(entry2.o)
    0x00026204   0x00000004   Code   RO         4460    .ARM.Collect$$$$00000004  mc_w.l(entry5.o)
    0x00026208   0x00000000   Code   RO         4462    .ARM.Collect$$$$00000008  mc_w.l(entry7b.o)
    0x00026208   0x00000000   Code   RO         4464    .ARM.Collect$$$$0000000A  mc_w.l(entry8b.o)
    0x00026208   0x00000008   Code   RO         4465    .ARM.Collect$$$$0000000B  mc_w.l(entry9a.o)
    0x00026210   0x00000000   Code   RO         4467    .ARM.Collect$$$$0000000D  mc_w.l(entry10a.o)
    0x00026210   0x00000000   Code   RO         4469    .ARM.Collect$$$$0000000F  mc_w.l(entry11a.o)
    0x00026210   0x00000004   Code   RO         4458    .ARM.Collect$$$$00002712  mc_w.l(entry2.o)
    0x00026214   0x000000e2   Code   RO         2848    .emb_text           nrf_atomic.o
    0x000262f6   0x00000002   PAD
    0x000262f8   0x00000024   Code   RO         4365    .text               arm_startup_nrf52.o
    0x0002631c   0x0000001e   Code   RO         4413    .text               mc_w.l(llshl.o)
    0x0002633a   0x00000002   PAD
    0x0002633c   0x00000008   Code   RO         4415    .text               mc_w.l(ctype_o.o)
    0x00026344   0x00000024   Code   RO         4443    .text               mc_w.l(memcpya.o)
    0x00026368   0x00000024   Code   RO         4445    .text               mc_w.l(memseta.o)
    0x0002638c   0x0000000e   Code   RO         4447    .text               mc_w.l(strlen.o)
    0x0002639a   0x00000002   PAD
    0x0002639c   0x00000024   Code   RO         4473    .text               mc_w.l(init.o)
    0x000263c0   0x00000164   Code   RO         1502    i.GPIOTE_IRQHandler  nrfx_gpiote.o
    0x00026524   0x00000016   Code   RO         2423    i.NVIC_ClearPendingIRQ  app_timer.o
    0x0002653a   0x00000016   Code   RO         2424    i.NVIC_EnableIRQ    app_timer.o
    0x00026550   0x00000016   Code   RO         2425    i.NVIC_SetPendingIRQ  app_timer.o
    0x00026566   0x00000020   Code   RO         2426    i.NVIC_SetPriority  app_timer.o
    0x00026586   0x00000002   PAD
    0x00026588   0x00000058   Code   RO         1367    i.POWER_CLOCK_IRQHandler  nrfx_clock.o
    0x000265e0   0x00000024   Code   RO         2427    i.RTC1_IRQHandler   app_timer.o
    0x00026604   0x00000004   Code   RO         2428    i.SWI0_EGU0_IRQHandler  app_timer.o
    0x00026608   0x00000004   Code   RO         4155    i.SWI2_EGU2_IRQHandler  nrf_sdh.o
    0x0002660c   0x0000031c   Code   RO         4373    i.SystemInit        system_nrf52.o
    0x00026928   0x0000000c   Code   RO         1804    i.UARTE0_UART0_IRQHandler  nrfx_prs.o
    0x00026934   0x0000000e   Code   RO         4477    i.__scatterload_copy  mc_w.l(handlers.o)
    0x00026942   0x00000002   Code   RO         4478    i.__scatterload_null  mc_w.l(handlers.o)
    0x00026944   0x0000000e   Code   RO         4479    i.__scatterload_zeroinit  mc_w.l(handlers.o)
    0x00026952   0x00000002   PAD
    0x00026954   0x00000024   Code   RO         4156    i.__sd_nvic_app_accessible_irq  nrf_sdh.o
    0x00026978   0x000000a4   Code   RO            4    i.advertising_init  main.o
    0x00026a1c   0x00000020   Code   RO            5    i.advertising_start  main.o
    0x00026a3c   0x00000030   Code   RO         2204    i.app_button_disable  app_button.o
    0x00026a6c   0x00000024   Code   RO         2205    i.app_button_enable  app_button.o
    0x00026a90   0x00000078   Code   RO         2206    i.app_button_init   app_button.o
    0x00026b08   0x00000084   Code   RO         2329    i.app_error_fault_handler  app_error_weak.o
    0x00026b8c   0x00000016   Code   RO         2269    i.app_error_handler_bare  app_error.o
    0x00026ba2   0x00000002   PAD
    0x00026ba4   0x00000024   Code   RO         2431    i.app_timer_create  app_timer.o
    0x00026bc8   0x00000054   Code   RO         2432    i.app_timer_init    app_timer.o
    0x00026c1c   0x00000088   Code   RO         2435    i.app_timer_start   app_timer.o
    0x00026ca4   0x00000020   Code   RO         2436    i.app_timer_stop    app_timer.o
    0x00026cc4   0x00000048   Code   RO         2596    i.app_util_critical_region_enter  app_util_platform.o
    0x00026d0c   0x00000034   Code   RO         2597    i.app_util_critical_region_exit  app_util_platform.o
    0x00026d40   0x00000088   Code   RO         1858    i.apply_config      nrfx_uart.o
    0x00026dc8   0x00000088   Code   RO         2049    i.apply_config      nrfx_uarte.o
    0x00026e50   0x00000182   Code   RO          537    i.ble_advdata_encode  ble_advdata.o
    0x00026fd2   0x00000002   PAD
    0x00026fd4   0x00000068   Code   RO          665    i.ble_conn_params_init  ble_conn_params.o
    0x0002703c   0x00000060   Code   RO          543    i.ble_device_addr_encode  ble_advdata.o
    0x0002709c   0x000000fc   Code   RO            7    i.ble_evt_handler   main.o
    0x00027198   0x000000fc   Code   RO          667    i.ble_evt_handler   ble_conn_params.o
    0x00027294   0x00000104   Code   RO          769    i.ble_evt_handler   ble_conn_state.o
    0x00027398   0x000000c4   Code   RO         1120    i.ble_lbs_init      ble_lbs.o
    0x0002745c   0x0000002e   Code   RO         1121    i.ble_lbs_on_ble_evt  ble_lbs.o
    0x0002748a   0x0000002e   Code   RO         1122    i.ble_lbs_on_button_change  ble_lbs.o
    0x000274b8   0x00000008   Code   RO          914    i.ble_srv_is_notification_enabled  ble_srv_common.o
    0x000274c0   0x00000054   Code   RO          348    i.bsp_board_init    boards.o
    0x00027514   0x00000010   Code   RO          351    i.bsp_board_led_off  boards.o
    0x00027524   0x00000010   Code   RO          352    i.bsp_board_led_on  boards.o
    0x00027534   0x00000012   Code   RO          354    i.bsp_board_leds_off  boards.o
    0x00027546   0x00000002   PAD
    0x00027548   0x00000090   Code   RO         3555    i.buf_prealloc      nrf_log_frontend.o
    0x000275d8   0x0000001e   Code   RO         3060    i.buffer_add        nrf_fprintf_format.o
    0x000275f6   0x00000002   PAD
    0x000275f8   0x00000014   Code   RO         3556    i.buffer_is_empty   nrf_log_frontend.o
    0x0002760c   0x00000078   Code   RO            8    i.button_event_handler  main.o
    0x00027684   0x0000001c   Code   RO         1503    i.channel_free      nrfx_gpiote.o
    0x000276a0   0x00000048   Code   RO         1504    i.channel_port_alloc  nrfx_gpiote.o
    0x000276e8   0x00000010   Code   RO         1505    i.channel_port_get  nrfx_gpiote.o
    0x000276f8   0x00000190   Code   RO          916    i.characteristic_add  ble_srv_common.o
    0x00027888   0x00000028   Code   RO         1160    i.clock_clk_started_notify  nrf_drv_clock.o
    0x000278b0   0x0000001c   Code   RO         1161    i.clock_irq_handler  nrf_drv_clock.o
    0x000278cc   0x000000ac   Code   RO         2438    i.compare_reg_update  app_timer.o
    0x00027978   0x0000003e   Code   RO          770    i.conn_handle_list_get  ble_conn_state.o
    0x000279b6   0x00000088   Code   RO          544    i.conn_int_encode   ble_advdata.o
    0x00027a3e   0x00000004   Code   RO            9    i.conn_params_error_handler  main.o
    0x00027a42   0x00000002   PAD
    0x00027a44   0x00000048   Code   RO          668    i.conn_params_negotiation  ble_conn_params.o
    0x00027a8c   0x000000c0   Code   RO          974    i.data_length_update  nrf_ble_gatt.o
    0x00027b4c   0x00000098   Code   RO         2208    i.detection_delay_timeout_handler  app_button.o
    0x00027be4   0x00000014   Code   RO         3557    i.dropped_sat16_get  nrf_log_frontend.o
    0x00027bf8   0x00000040   Code   RO         2439    i.elapsed_ticks_acquire  app_timer.o
    0x00027c38   0x00000084   Code   RO         2209    i.gpiote_event_handler  app_button.o
    0x00027cbc   0x00000014   Code   RO          669    i.instance_get      ble_conn_params.o
    0x00027cd0   0x000000a6   Code   RO         3061    i.int_print         nrf_fprintf_format.o
    0x00027d76   0x00000002   PAD
    0x00027d78   0x00000080   Code   RO         2050    i.interrupts_enable  nrfx_uarte.o
    0x00027df8   0x00000034   Code   RO         3558    i.invalid_packets_omit  nrf_log_frontend.o
    0x00027e2c   0x00000044   Code   RO          670    i.is_conn_params_ok  ble_conn_params.o
    0x00027e70   0x00000060   Code   RO           10    i.led_write_handler  main.o
    0x00027ed0   0x00000014   Code   RO          975    i.link_init         nrf_ble_gatt.o
    0x00027ee4   0x000000f8   Code   RO         2440    i.list_insertions_handler  app_timer.o
    0x00027fdc   0x0000009c   Code   RO         3559    i.log_skip          nrf_log_frontend.o
    0x00028078   0x00000194   Code   RO           11    i.main              main.o
    0x0002820c   0x00000064   Code   RO          545    i.manuf_specific_data_encode  ble_advdata.o
    0x00028270   0x0000007e   Code   RO         3100    i.memobj_op         nrf_memobj.o
    0x000282ee   0x00000002   PAD
    0x000282f0   0x00000030   Code   RO         3560    i.module_idx_get    nrf_log_frontend.o
    0x00028320   0x000000a6   Code   RO          546    i.name_encode       ble_advdata.o
    0x000283c6   0x00000016   Code   RO         2782    i.nrf_atflags_clear  nrf_atflags.o
    0x000283dc   0x00000016   Code   RO         2787    i.nrf_atflags_get   nrf_atflags.o
    0x000283f2   0x00000014   Code   RO         2789    i.nrf_atflags_set   nrf_atflags.o
    0x00028406   0x00000006   Code   RO         2850    i.nrf_atomic_flag_clear_fetch  nrf_atomic.o
    0x0002840c   0x00000006   Code   RO         2851    i.nrf_atomic_flag_set  nrf_atomic.o
    0x00028412   0x0000000c   Code   RO         2853    i.nrf_atomic_u32_add  nrf_atomic.o
    0x0002841e   0x0000000c   Code   RO         2854    i.nrf_atomic_u32_and  nrf_atomic.o
    0x0002842a   0x0000000a   Code   RO         2857    i.nrf_atomic_u32_fetch_and  nrf_atomic.o
    0x00028434   0x0000000a   Code   RO         2859    i.nrf_atomic_u32_fetch_store  nrf_atomic.o
    0x0002843e   0x0000000c   Code   RO         2863    i.nrf_atomic_u32_or  nrf_atomic.o
    0x0002844a   0x0000000c   Code   RO         2865    i.nrf_atomic_u32_sub  nrf_atomic.o
    0x00028456   0x00000044   Code   RO         2984    i.nrf_balloc_alloc  nrf_balloc.o
    0x0002849a   0x00000030   Code   RO         2985    i.nrf_balloc_free   nrf_balloc.o
    0x000284ca   0x00000030   Code   RO         2986    i.nrf_balloc_init   nrf_balloc.o
    0x000284fa   0x00000010   Code   RO         1506    i.nrf_bitmask_bit_is_set  nrfx_gpiote.o
    0x0002850a   0x00000014   Code   RO         1507    i.nrf_bitmask_bit_set  nrfx_gpiote.o
    0x0002851e   0x00000022   Code   RO          981    i.nrf_ble_gatt_init  nrf_ble_gatt.o
    0x00028540   0x00000150   Code   RO          982    i.nrf_ble_gatt_on_ble_evt  nrf_ble_gatt.o
    0x00028690   0x00000016   Code   RO         1076    i.nrf_ble_qwr_conn_handle_assign  nrf_ble_qwr.o
    0x000286a6   0x00000024   Code   RO         1077    i.nrf_ble_qwr_init  nrf_ble_qwr.o
    0x000286ca   0x000000b6   Code   RO         1078    i.nrf_ble_qwr_on_ble_evt  nrf_ble_qwr.o
    0x00028780   0x0000000e   Code   RO         1368    i.nrf_clock_event_check  nrfx_clock.o
    0x0002878e   0x00000010   Code   RO         1369    i.nrf_clock_event_clear  nrfx_clock.o
    0x0002879e   0x00000002   PAD
    0x000287a0   0x00000038   Code   RO         1168    i.nrf_drv_clock_init  nrf_drv_clock.o
    0x000287d8   0x00000030   Code   RO         1172    i.nrf_drv_clock_lfclk_release  nrf_drv_clock.o
    0x00028808   0x00000068   Code   RO         1315    i.nrf_drv_uart_init  nrf_drv_uart.o
    0x00028870   0x0000001a   Code   RO         3021    i.nrf_fprintf       nrf_fprintf.o
    0x0002888a   0x00000018   Code   RO         3022    i.nrf_fprintf_buffer_flush  nrf_fprintf.o
    0x000288a2   0x000001da   Code   RO         3062    i.nrf_fprintf_fmt   nrf_fprintf_format.o
    0x00028a7c   0x00000024   Code   RO          358    i.nrf_gpio_cfg      boards.o
    0x00028aa0   0x00000024   Code   RO         1508    i.nrf_gpio_cfg      nrfx_gpiote.o
    0x00028ac4   0x00000024   Code   RO         1859    i.nrf_gpio_cfg      nrfx_uart.o
    0x00028ae8   0x00000024   Code   RO         2051    i.nrf_gpio_cfg      nrfx_uarte.o
    0x00028b0c   0x00000012   Code   RO         1860    i.nrf_gpio_cfg_default  nrfx_uart.o
    0x00028b1e   0x00000012   Code   RO         2052    i.nrf_gpio_cfg_default  nrfx_uarte.o
    0x00028b30   0x00000012   Code   RO         1861    i.nrf_gpio_cfg_input  nrfx_uart.o
    0x00028b42   0x00000012   Code   RO         2053    i.nrf_gpio_cfg_input  nrfx_uarte.o
    0x00028b54   0x00000014   Code   RO         1862    i.nrf_gpio_cfg_output  nrfx_uart.o
    0x00028b68   0x00000014   Code   RO         2054    i.nrf_gpio_cfg_output  nrfx_uarte.o
    0x00028b7c   0x00000022   Code   RO         1510    i.nrf_gpio_cfg_sense_set  nrfx_gpiote.o
    0x00028b9e   0x00000016   Code   RO          359    i.nrf_gpio_pin_write  boards.o
    0x00028bb4   0x00000028   Code   RO         1511    i.nrf_gpio_ports_read  nrfx_gpiote.o
    0x00028bdc   0x00000014   Code   RO         1512    i.nrf_gpiote_event_clear  nrfx_gpiote.o
    0x00028bf0   0x00000010   Code   RO         1513    i.nrf_gpiote_event_is_set  nrfx_gpiote.o
    0x00028c00   0x0000005c   Code   RO         3561    i.nrf_log_backend_add  nrf_log_frontend.o
    0x00028c5c   0x000000c8   Code   RO         3400    i.nrf_log_backend_serial_put  nrf_log_backend_serial.o
    0x00028d24   0x00000002   Code   RO         3440    i.nrf_log_backend_uart_flush  nrf_log_backend_uart.o
    0x00028d26   0x00000006   Code   RO         3441    i.nrf_log_backend_uart_init  nrf_log_backend_uart.o
    0x00028d2c   0x0000002c   Code   RO         3442    i.nrf_log_backend_uart_panic_set  nrf_log_backend_uart.o
    0x00028d58   0x00000018   Code   RO         3443    i.nrf_log_backend_uart_put  nrf_log_backend_uart.o
    0x00028d70   0x00000030   Code   RO         3563    i.nrf_log_color_id_get  nrf_log_frontend.o
    0x00028da0   0x0000001c   Code   RO         3519    i.nrf_log_default_backends_init  nrf_log_default_backends.o
    0x00028dbc   0x00000234   Code   RO         3564    i.nrf_log_frontend_dequeue  nrf_log_frontend.o
    0x00028ff0   0x00000008   Code   RO         3566    i.nrf_log_frontend_std_0  nrf_log_frontend.o
    0x00028ff8   0x0000000e   Code   RO         3567    i.nrf_log_frontend_std_1  nrf_log_frontend.o
    0x00029006   0x00000010   Code   RO         3568    i.nrf_log_frontend_std_2  nrf_log_frontend.o
    0x00029016   0x00000002   PAD
    0x00029018   0x000000ac   Code   RO         3741    i.nrf_log_hexdump_entry_process  nrf_log_str_formatter.o
    0x000290c4   0x0000003c   Code   RO         3573    i.nrf_log_init      nrf_log_frontend.o
    0x00029100   0x00000014   Code   RO         3574    i.nrf_log_module_cnt_get  nrf_log_frontend.o
    0x00029114   0x0000001c   Code   RO         3577    i.nrf_log_module_name_get  nrf_log_frontend.o
    0x00029130   0x0000002c   Code   RO         3578    i.nrf_log_panic     nrf_log_frontend.o
    0x0002915c   0x000000b6   Code   RO         3742    i.nrf_log_std_entry_process  nrf_log_str_formatter.o
    0x00029212   0x00000060   Code   RO         3101    i.nrf_memobj_alloc  nrf_memobj.o
    0x00029272   0x00000032   Code   RO         3102    i.nrf_memobj_free   nrf_memobj.o
    0x000292a4   0x00000008   Code   RO         3103    i.nrf_memobj_get    nrf_memobj.o
    0x000292ac   0x00000004   Code   RO         3104    i.nrf_memobj_pool_init  nrf_memobj.o
    0x000292b0   0x0000001e   Code   RO         3105    i.nrf_memobj_put    nrf_memobj.o
    0x000292ce   0x00000010   Code   RO         3106    i.nrf_memobj_read   nrf_memobj.o
    0x000292de   0x00000010   Code   RO         3107    i.nrf_memobj_write  nrf_memobj.o
    0x000292ee   0x00000002   PAD
    0x000292f0   0x00000028   Code   RO         3179    i.nrf_pwr_mgmt_init  nrf_pwr_mgmt.o
    0x00029318   0x00000044   Code   RO         3180    i.nrf_pwr_mgmt_run  nrf_pwr_mgmt.o
    0x0002935c   0x00000004   Code   RO           12    i.nrf_qwr_error_handler  main.o
    0x00029360   0x0000001c   Code   RO         3256    i.nrf_ringbuf_init  nrf_ringbuf.o
    0x0002937c   0x00000014   Code   RO         4276    i.nrf_sdh_ble_app_ram_start_get  nrf_sdh_ble.o
    0x00029390   0x00000100   Code   RO         4277    i.nrf_sdh_ble_default_cfg_set  nrf_sdh_ble.o
    0x00029490   0x00000130   Code   RO         4278    i.nrf_sdh_ble_enable  nrf_sdh_ble.o
    0x000295c0   0x0000005c   Code   RO         4279    i.nrf_sdh_ble_evts_poll  nrf_sdh_ble.o
    0x0002961c   0x00000074   Code   RO         4158    i.nrf_sdh_enable_request  nrf_sdh.o
    0x00029690   0x00000024   Code   RO         4159    i.nrf_sdh_evts_poll  nrf_sdh.o
    0x000296b4   0x0000000c   Code   RO         4160    i.nrf_sdh_is_enabled  nrf_sdh.o
    0x000296c0   0x0000003c   Code   RO         4330    i.nrf_sdh_soc_evts_poll  nrf_sdh_soc.o
    0x000296fc   0x0000000a   Code   RO         3314    i.nrf_section_iter_init  nrf_section_iter.o
    0x00029706   0x00000024   Code   RO         3315    i.nrf_section_iter_item_set  nrf_section_iter.o
    0x0002972a   0x00000020   Code   RO         3316    i.nrf_section_iter_next  nrf_section_iter.o
    0x0002974a   0x00000002   PAD
    0x0002974c   0x00000038   Code   RO         3349    i.nrf_strerror_find  nrf_strerror.o
    0x00029784   0x00000014   Code   RO         3350    i.nrf_strerror_get  nrf_strerror.o
    0x00029798   0x0000000a   Code   RO         1863    i.nrf_uart_event_check  nrfx_uart.o
    0x000297a2   0x0000000c   Code   RO         1864    i.nrf_uart_event_clear  nrfx_uart.o
    0x000297ae   0x0000000c   Code   RO         1865    i.nrf_uart_int_enable_check  nrfx_uart.o
    0x000297ba   0x0000000a   Code   RO         2055    i.nrf_uarte_event_check  nrfx_uarte.o
    0x000297c4   0x0000000c   Code   RO         2056    i.nrf_uarte_event_clear  nrfx_uarte.o
    0x000297d0   0x00000030   Code   RO         1374    i.nrfx_clock_enable  nrfx_clock.o
    0x00029800   0x00000020   Code   RO         1377    i.nrfx_clock_init   nrfx_clock.o
    0x00029820   0x0000001c   Code   RO         1380    i.nrfx_clock_lfclk_stop  nrfx_clock.o
    0x0002983c   0x00000010   Code   RO         2441    i.nrfx_coredep_delay_us  app_timer.o
    0x0002984c   0x00000048   Code   RO         1517    i.nrfx_gpiote_in_event_disable  nrfx_gpiote.o
    0x00029894   0x000000a4   Code   RO         1518    i.nrfx_gpiote_in_event_enable  nrfx_gpiote.o
    0x00029938   0x000000d0   Code   RO         1519    i.nrfx_gpiote_in_init  nrfx_gpiote.o
    0x00029a08   0x00000014   Code   RO         1520    i.nrfx_gpiote_in_is_set  nrfx_gpiote.o
    0x00029a1c   0x00000070   Code   RO         1522    i.nrfx_gpiote_init  nrfx_gpiote.o
    0x00029a8c   0x00000014   Code   RO         1523    i.nrfx_gpiote_is_init  nrfx_gpiote.o
    0x00029aa0   0x00000010   Code   RO         2057    i.nrfx_is_in_ram    nrfx_uarte.o
    0x00029ab0   0x0000003a   Code   RO         1805    i.nrfx_prs_acquire  nrfx_prs.o
    0x00029aea   0x00000012   Code   RO         1806    i.nrfx_prs_release  nrfx_prs.o
    0x00029afc   0x00000010   Code   RO         1866    i.nrfx_uart_0_irq_handler  nrfx_uart.o
    0x00029b0c   0x000000d4   Code   RO         1868    i.nrfx_uart_init    nrfx_uart.o
    0x00029be0   0x000000a4   Code   RO         1874    i.nrfx_uart_tx      nrfx_uart.o
    0x00029c84   0x00000020   Code   RO         1876    i.nrfx_uart_tx_in_progress  nrfx_uart.o
    0x00029ca4   0x000000b4   Code   RO         1877    i.nrfx_uart_uninit  nrfx_uart.o
    0x00029d58   0x00000010   Code   RO         2058    i.nrfx_uarte_0_irq_handler  nrfx_uarte.o
    0x00029d68   0x0000006c   Code   RO         2060    i.nrfx_uarte_init   nrfx_uarte.o
    0x00029dd4   0x00000090   Code   RO         2064    i.nrfx_uarte_tx     nrfx_uarte.o
    0x00029e64   0x0000001c   Code   RO         2066    i.nrfx_uarte_tx_in_progress  nrfx_uarte.o
    0x00029e80   0x000000b0   Code   RO         2067    i.nrfx_uarte_uninit  nrfx_uarte.o
    0x00029f30   0x0000001c   Code   RO           13    i.on_conn_params_evt  main.o
    0x00029f4c   0x000000a8   Code   RO          983    i.on_connected_evt  nrf_ble_gatt.o
    0x00029ff4   0x000000ac   Code   RO          984    i.on_exchange_mtu_request_evt  nrf_ble_gatt.o
    0x0002a0a0   0x00000018   Code   RO         1539    i.pin_in_use_by_port  nrfx_gpiote.o
    0x0002a0b8   0x00000018   Code   RO         1540    i.pin_in_use_by_te  nrfx_gpiote.o
    0x0002a0d0   0x0000003c   Code   RO         3744    i.postfix_process   nrf_log_str_formatter.o
    0x0002a10c   0x00000098   Code   RO         3745    i.prefix_process    nrf_log_str_formatter.o
    0x0002a1a4   0x00000018   Code   RO         1807    i.prs_box_get       nrfx_prs.o
    0x0002a1bc   0x0000003c   Code   RO         2442    i.rtc1_stop         app_timer.o
    0x0002a1f8   0x00000032   Code   RO         1878    i.rx_byte           nrfx_uart.o
    0x0002a22a   0x00000016   Code   RO         1879    i.rx_done_event     nrfx_uart.o
    0x0002a240   0x00000018   Code   RO         2068    i.rx_done_event     nrfx_uarte.o
    0x0002a258   0x00000050   Code   RO         1175    i.sd_state_evt_handler  nrf_drv_clock.o
    0x0002a2a8   0x00000030   Code   RO         4165    i.sdh_request_observer_notify  nrf_sdh.o
    0x0002a2d8   0x0000002c   Code   RO         4166    i.sdh_state_observer_notify  nrf_sdh.o
    0x0002a304   0x00000010   Code   RO          671    i.send_error_evt    ble_conn_params.o
    0x0002a314   0x00000040   Code   RO         3444    i.serial_tx         nrf_log_backend_uart.o
    0x0002a354   0x00000088   Code   RO          547    i.service_data_encode  ble_advdata.o
    0x0002a3dc   0x00000030   Code   RO          918    i.set_security_req  ble_srv_common.o
    0x0002a40c   0x00000018   Code   RO         1176    i.soc_evt_handler   nrf_drv_clock.o
    0x0002a424   0x00000058   Code   RO         4168    i.softdevices_evt_irq_enable  nrf_sdh.o
    0x0002a47c   0x0000008c   Code   RO         3580    i.std_n             nrf_log_frontend.o
    0x0002a508   0x00000080   Code   RO         2443    i.timer_list_handler  app_timer.o
    0x0002a588   0x0000003c   Code   RO         2444    i.timer_list_insert  app_timer.o
    0x0002a5c4   0x00000060   Code   RO         2445    i.timer_list_remove  app_timer.o
    0x0002a624   0x00000048   Code   RO         2446    i.timer_stop_op_schedule  app_timer.o
    0x0002a66c   0x00000074   Code   RO         2447    i.timer_timeouts_check  app_timer.o
    0x0002a6e0   0x00000020   Code   RO         1881    i.tx_byte           nrfx_uart.o
    0x0002a700   0x0000001a   Code   RO         1882    i.tx_done_event     nrfx_uart.o
    0x0002a71a   0x00000002   PAD
    0x0002a71c   0x00000030   Code   RO         1316    i.uart_evt_handler  nrf_drv_uart.o
    0x0002a74c   0x0000000c   Code   RO         3445    i.uart_evt_handler  nrf_log_backend_uart.o
    0x0002a758   0x00000050   Code   RO         3446    i.uart_init         nrf_log_backend_uart.o
    0x0002a7a8   0x00000128   Code   RO         1883    i.uart_irq_handler  nrfx_uart.o
    0x0002a8d0   0x00000030   Code   RO         1317    i.uarte_evt_handler  nrf_drv_uart.o
    0x0002a900   0x000000f4   Code   RO         2069    i.uarte_irq_handler  nrfx_uarte.o
    0x0002a9f4   0x0000000a   Code   RO          548    i.uint16_encode     ble_advdata.o
    0x0002a9fe   0x00000002   PAD
    0x0002aa00   0x000000b4   Code   RO         3063    i.unsigned_print    nrf_fprintf_format.o
    0x0002aab4   0x00000068   Code   RO          672    i.update_timeout_handler  ble_conn_params.o
    0x0002ab1c   0x00000024   Code   RO         1079    i.user_mem_reply    nrf_ble_qwr.o
    0x0002ab40   0x00000030   Code   RO         2448    i.user_op_alloc     app_timer.o
    0x0002ab70   0x00000030   Code   RO          549    i.uuid_list_encode  ble_advdata.o
    0x0002aba0   0x0000009e   Code   RO          550    i.uuid_list_sized_encode  ble_advdata.o
    0x0002ac3e   0x00000002   PAD
    0x0002ac40   0x00000004   Data   RO           17    .constdata          main.o
    0x0002ac44   0x00000008   Data   RO          360    .constdata          boards.o
    0x0002ac4c   0x00000016   Data   RO          985    .constdata          nrf_ble_gatt.o
    0x0002ac62   0x00000002   PAD
    0x0002ac64   0x00000010   Data   RO         1123    .constdata          ble_lbs.o
    0x0002ac74   0x00000004   Data   RO         1542    .constdata          nrfx_gpiote.o
    0x0002ac78   0x00000004   Data   RO         1886    .constdata          nrfx_uart.o
    0x0002ac7c   0x00000004   Data   RO         2072    .constdata          nrfx_uarte.o
    0x0002ac80   0x00000008   Data   RO         2211    .constdata          app_button.o
    0x0002ac88   0x00000008   PAD
    0x0002ac90   0x00000006   Data   RO         2450    .constdata          app_timer.o
    0x0002ac96   0x00000010   Data   RO         3064    .constdata          nrf_fprintf_format.o
    0x0002aca6   0x00000002   PAD
    0x0002aca8   0x00000018   Data   RO         3184    .constdata          nrf_pwr_mgmt.o
    0x0002acc0   0x0000000c   Data   RO         3185    .constdata          nrf_pwr_mgmt.o
    0x0002accc   0x0000013c   Data   RO         3351    .constdata          nrf_strerror.o
    0x0002ae08   0x0000000c   Data   RO         3448    .constdata          nrf_log_backend_uart.o
    0x0002ae14   0x00000020   Data   RO         3449    .constdata          nrf_log_backend_uart.o
    0x0002ae34   0x0000000c   Data   RO         3585    .constdata          nrf_log_frontend.o
    0x0002ae40   0x00000010   Data   RO         4169    .constdata          nrf_sdh.o
    0x0002ae50   0x00000028   Data   RO         4170    .constdata          nrf_sdh.o
    0x0002ae78   0x00000010   Data   RO         4171    .constdata          nrf_sdh.o
    0x0002ae88   0x00000010   Data   RO         4172    .constdata          nrf_sdh.o
    0x0002ae98   0x00000020   Data   RO         4280    .constdata          nrf_sdh_ble.o
    0x0002aeb8   0x00000010   Data   RO         4281    .constdata          nrf_sdh_ble.o
    0x0002aec8   0x00000010   Data   RO         4331    .constdata          nrf_sdh_soc.o
    0x0002aed8   0x0000000c   Data   RO         4332    .constdata          nrf_sdh_soc.o
    0x0002aee4   0x00000081   Data   RO         4416    .constdata          mc_w.l(ctype_o.o)
    0x0002af65   0x00000003   PAD
    0x0002af68   0x00000004   Data   RO         4417    .constdata          mc_w.l(ctype_o.o)
    0x0002af6c   0x000000a2   Data   RO          986    .conststring        nrf_ble_gatt.o
    0x0002b00e   0x00000002   PAD
    0x0002b010   0x000003eb   Data   RO         3352    .conststring        nrf_strerror.o
    0x0002b3fb   0x00000001   PAD
    0x0002b3fc   0x00000066   Data   RO         3746    .conststring        nrf_log_str_formatter.o
    0x0002b462   0x00000002   PAD
    0x0002b464   0x00000188   Data   RO         4282    .conststring        nrf_sdh_ble.o
    0x0002b5ec   0x0000000d   Data   RO          987    .conststrlit        nrf_ble_gatt.o
    0x0002b5f9   0x00000003   PAD
    0x0002b5fc   0x00000006   Data   RO         1182    .conststrlit        nrf_drv_clock.o
    0x0002b602   0x00000002   PAD
    0x0002b604   0x00000006   Data   RO         1384    .conststrlit        nrfx_clock.o
    0x0002b60a   0x00000002   PAD
    0x0002b60c   0x00000007   Data   RO         1546    .conststrlit        nrfx_gpiote.o
    0x0002b613   0x00000001   PAD
    0x0002b614   0x00000004   Data   RO         1809    .conststrlit        nrfx_prs.o
    0x0002b618   0x00000005   Data   RO         1889    .conststrlit        nrfx_uart.o
    0x0002b61d   0x00000003   PAD
    0x0002b620   0x00000006   Data   RO         2075    .conststrlit        nrfx_uarte.o
    0x0002b626   0x00000002   PAD
    0x0002b628   0x00000009   Data   RO         3186    .conststrlit        nrf_pwr_mgmt.o
    0x0002b631   0x00000003   PAD
    0x0002b634   0x00000011   Data   RO         3520    .conststrlit        nrf_log_default_backends.o
    0x0002b645   0x00000003   PAD
    0x0002b648   0x00000004   Data   RO         3586    .conststrlit        nrf_log_frontend.o
    0x0002b64c   0x00000008   Data   RO         4173    .conststrlit        nrf_sdh.o
    0x0002b654   0x0000000c   Data   RO         4283    .conststrlit        nrf_sdh_ble.o
    0x0002b660   0x0000000c   Data   RO         4333    .conststrlit        nrf_sdh_soc.o
    0x0002b66c   0x00000020   Data   RO         4475    Region$$Table       anon$$obj.o
    0x0002b68c   0x00000010   Data   RO         3522    log_backends        nrf_log_default_backends.o
    0x0002b69c   0x00000008   Data   RO          988    log_const_data      nrf_ble_gatt.o
    0x0002b6a4   0x00000008   Data   RO         1183    log_const_data      nrf_drv_clock.o
    0x0002b6ac   0x00000008   Data   RO         1386    log_const_data      nrfx_clock.o
    0x0002b6b4   0x00000008   Data   RO         1547    log_const_data      nrfx_gpiote.o
    0x0002b6bc   0x00000008   Data   RO         1811    log_const_data      nrfx_prs.o
    0x0002b6c4   0x00000008   Data   RO         1890    log_const_data      nrfx_uart.o
    0x0002b6cc   0x00000008   Data   RO         2076    log_const_data      nrfx_uarte.o
    0x0002b6d4   0x00000008   Data   RO         3188    log_const_data      nrf_pwr_mgmt.o
    0x0002b6dc   0x00000008   Data   RO         3589    log_const_data      nrf_log_frontend.o
    0x0002b6e4   0x00000008   Data   RO         4175    log_const_data      nrf_sdh.o
    0x0002b6ec   0x00000008   Data   RO         4285    log_const_data      nrf_sdh_ble.o
    0x0002b6f4   0x00000008   Data   RO         4334    log_const_data      nrf_sdh_soc.o
    0x0002b6fc   0x00000014   Data   RO         3590    nrf_balloc          nrf_log_frontend.o
    0x0002b710   0x00000008   Data   RO          774    sdh_ble_observers0  ble_conn_state.o
    0x0002b718   0x00000008   Data   RO           19    sdh_ble_observers1  main.o
    0x0002b720   0x00000008   Data   RO          675    sdh_ble_observers1  ble_conn_params.o
    0x0002b728   0x00000010   Data   RO           20    sdh_ble_observers2  main.o
    0x0002b738   0x00000008   Data   RO           21    sdh_ble_observers3  main.o
    0x0002b740   0x00000008   Data   RO         1184    sdh_soc_observers0  nrf_drv_clock.o
    0x0002b748   0x00000008   Data   RO         4286    sdh_stack_observers0  nrf_sdh_ble.o
    0x0002b750   0x00000008   Data   RO         4335    sdh_stack_observers0  nrf_sdh_soc.o
    0x0002b758   0x00000008   Data   RO         1185    sdh_state_observers0  nrf_drv_clock.o


    Execution Region RW_IRAM1 (Base: 0x200022b8, Size: 0x000029f8, Max: 0x0000dd48, ABSOLUTE)

    Base Addr    Size         Type   Attr      Idx    E Section Name        Object

    0x200022b8   0x0000001c   Data   RW           18    .data               main.o
    0x200022d4   0x00000008   Data   RW          674    .data               ble_conn_params.o
    0x200022dc   0x0000000c   Data   RW         1318    .data               nrf_drv_uart.o
    0x200022e8   0x00000008   Data   RW         1385    .data               nrfx_clock.o
    0x200022f0   0x00000008   Data   RW         1810    .data               nrfx_prs.o
    0x200022f8   0x00000020   Data   RW         2212    .data               app_button.o
    0x20002318   0x00000014   Data   RW         2451    .data               app_timer.o
    0x2000232c   0x00000008   Data   RW         3187    .data               nrf_pwr_mgmt.o
    0x20002334   0x00000018   Data   RW         3450    .data               nrf_log_backend_uart.o
    0x2000234c   0x00000008   Data   RW         3521    .data               nrf_log_default_backends.o
    0x20002354   0x00000008   Data   RW         3587    .data               nrf_log_frontend.o
    0x2000235c   0x00000008   Data   RW         3588    .data               nrf_log_frontend.o
    0x20002364   0x00000040   Data   RW         3747    .data               nrf_log_str_formatter.o
    0x200023a4   0x00000003   Data   RW         4174    .data               nrf_sdh.o
    0x200023a7   0x00000001   Data   RW         4284    .data               nrf_sdh_ble.o
    0x200023a8   0x00000004   Data   RW         4374    .data               system_nrf52.o
    0x200023ac   0x00000038   Zero   RW           14    .bss                main.o
    0x200023e4   0x0000001f   Zero   RW           15    .bss                main.o
    0x20002403   0x0000001f   Zero   RW           16    .bss                main.o
    0x20002422   0x00000002   PAD
    0x20002424   0x00000050   Zero   RW          673    .bss                ble_conn_params.o
    0x20002474   0x00000078   Zero   RW          773    .bss                ble_conn_state.o
    0x200024ec   0x00000014   Zero   RW         1177    .bss                nrf_drv_clock.o
    0x20002500   0x0000005c   Zero   RW         1541    .bss                nrfx_gpiote.o
    0x2000255c   0x0000002c   Zero   RW         1884    .bss                nrfx_uart.o
    0x20002588   0x00000024   Zero   RW         2070    .bss                nrfx_uarte.o
    0x200025ac   0x00000020   Zero   RW         2210    .bss                app_button.o
    0x200025cc   0x0000010c   Zero   RW         2449    .bss                app_timer.o
    0x200026d8   0x0000000c   Zero   RW         2602    .bss                app_util_platform.o
    0x200026e4   0x0000000c   Zero   RW         3183    .bss                nrf_pwr_mgmt.o
    0x200026f0   0x00000040   Zero   RW         3447    .bss                nrf_log_backend_uart.o
    0x20002730   0x000000c0   Zero   RW         3581    .bss                nrf_log_frontend.o
    0x200027f0   0x00000080   Zero   RW         3582    .bss                nrf_log_frontend.o
    0x20002870   0x00000018   Zero   RW         3583    .bss                nrf_log_frontend.o
    0x20002888   0x00000424   Zero   RW         3584    .bss                nrf_log_frontend.o
    0x20002cac   0x00000004   PAD
    0x20002cb0   0x00002000   Zero   RW         4362    STACK               arm_startup_nrf52.o


==============================================================================

Image component sizes


      Code (inc. data)   RO Data    RW Data    ZI Data      Debug   Object Name

       488         46          8         32         32      14167   app_button.o
        22          0          0          0          0       2533   app_error.o
       132         46          0          0          0      30657   app_error_weak.o
      1506        118          6         20        268      49419   app_timer.o
       124         14          0          0         12       9790   app_util_platform.o
        36          8        512          0       8192        968   arm_startup_nrf52.o
      1236          0          0          0          0      97283   ble_advdata.o
       636         44          8          8         80      14951   ble_conn_params.o
       322          6          8          0        120       5713   ble_conn_state.o
       288          6         16          0          0       5071   ble_lbs.o
       456          6          0          0          0       3531   ble_srv_common.o
       192         16          8          0          0      43689   boards.o
      1104        238         36         28        118     165306   main.o
        64          0          0          0          0       3124   nrf_atflags.o
       306          0          0          0          0       8431   nrf_atomic.o
       164          0          0          0          0       3792   nrf_balloc.o
       922        272        205          0          0      36903   nrf_ble_gatt.o
       276          0          0          0          0       6441   nrf_ble_qwr.o
       276         34         30          0         20      39784   nrf_drv_clock.o
       200         26          0         12          0      18268   nrf_drv_uart.o
        50          0          0          0          0       3689   nrf_fprintf.o
       850          4         16          0          0       5678   nrf_fprintf_format.o
       200          0          0          0          0      11741   nrf_log_backend_serial.o
       232         44         44         24         64      21638   nrf_log_backend_uart.o
        28          4         33          8          0       3457   nrf_log_default_backends.o
      1474        114         44         16       1404      30550   nrf_log_frontend.o
       566        108        102         64          0       5868   nrf_log_str_formatter.o
       346          0          0          0          0       9931   nrf_memobj.o
       108         16         53          8         12      36558   nrf_pwr_mgmt.o
        28          0          0          0          0       2483   nrf_ringbuf.o
       384         46        104          3          0      39711   nrf_sdh.o
       672        230        468          1          0       6109   nrf_sdh_ble.o
        60          4         56          0          0       2588   nrf_sdh_soc.o
        78          0          0          0          0       2944   nrf_section_iter.o
        76         10       1319          0          0       2903   nrf_strerror.o
       226         30         14          8          0      41870   nrfx_clock.o
      1298         98         19          0         92      60582   nrfx_gpiote.o
       112         16         12          8          0       4728   nrfx_prs.o
      1292         40         17          0         44      32269   nrfx_uart.o
      1134         44         18          0         36      25175   nrfx_uarte.o
       796         70          0          4          0       3063   system_nrf52.o

    ----------------------------------------------------------------------
     18792       1758       3224        244      10500     913356   Object Totals
         0          0         32          0          0          0   (incl. Generated)
        32          0         36          0          6          0   (incl. Padding)

    ----------------------------------------------------------------------

      Code (inc. data)   RO Data    RW Data    ZI Data      Debug   Library Member Name

         8          4        133          0          0         68   ctype_o.o
         0          0          0          0          0          0   entry.o
         0          0          0          0          0          0   entry10a.o
         0          0          0          0          0          0   entry11a.o
         8          4          0          0          0          0   entry2.o
         4          0          0          0          0          0   entry5.o
         0          0          0          0          0          0   entry7b.o
         0          0          0          0          0          0   entry8b.o
         8          4          0          0          0          0   entry9a.o
        30          0          0          0          0          0   handlers.o
        36          8          0          0          0         68   init.o
        30          0          0          0          0         68   llshl.o
        36          0          0          0          0         68   memcpya.o
        36          0          0          0          0        108   memseta.o
        14          0          0          0          0         68   strlen.o

    ----------------------------------------------------------------------
       216         20        136          0          0        448   Library Totals
         6          0          3          0          0          0   (incl. Padding)

    ----------------------------------------------------------------------

      Code (inc. data)   RO Data    RW Data    ZI Data      Debug   Library Name

       210         20        133          0          0        448   mc_w.l

    ----------------------------------------------------------------------
       216         20        136          0          0        448   Library Totals

    ----------------------------------------------------------------------

==============================================================================


      Code (inc. data)   RO Data    RW Data    ZI Data      Debug   

     19008       1778       3360        244      10500     891304   Grand Totals
     19008       1778       3360        244      10500     891304   ELF Image Totals
     19008       1778       3360        244          0          0   ROM Totals

==============================================================================

    Total RO  Size (Code + RO Data)                22368 (  21.84kB)
    Total RW  Size (RW Data + ZI Data)             10744 (  10.49kB)
    Total ROM Size (Code + RO Data + RW Data)      22612 (  22.08kB)

==============================================================================

